[INFO] Scanning for projects...
[WARNING] 
[WARNING] Some problems were encountered while building the effective model for com.ait:HR-11:war:0.0.1-SNAPSHOT
[WARNING] 'build.plugins.plugin.(groupId:artifactId)' must be unique but found duplicate declaration of plugin org.apache.maven.plugins:maven-antrun-plugin @ line 296, column 21
[WARNING] 
[WARNING] It is highly recommended to fix these problems because they threaten the stability of your build.
[WARNING] 
[WARNING] For this reason, future Maven versions might no longer support building such malformed projects.
[WARNING] 
[INFO] 
[INFO] ---------------------------< com.ait:HR-11 >----------------------------
[INFO] Building HR-11 0.0.1-SNAPSHOT
[INFO]   from pom.xml
[INFO] --------------------------------[ war ]---------------------------------
[WARNING] Parameter 'propertiesEncoding' is unknown for plugin 'maven-resources-plugin:3.1.0:resources (default-resources)'
[WARNING] Parameter 'propertiesEncoding' is unknown for plugin 'maven-resources-plugin:3.1.0:copy-resources (copy-main-resources)'
[WARNING] Parameter 'propertiesEncoding' is unknown for plugin 'maven-resources-plugin:3.1.0:testResources (default-testResources)'
[INFO] 
[INFO] --- clean:3.4.1:clean (default-clean) @ HR-11 ---
[INFO] Deleting D:\Java\WorkSpace\New_HR\HR-11\target
[INFO] Deleting D:\Java\WorkSpace\New_HR\HR-11\src\main\webapp\WEB-INF\classes
[INFO] 
[INFO] --- antrun:3.1.0:run (create-webapp-classes-dir) @ HR-11 ---
[INFO] Executing tasks
[INFO]     [mkdir] Created dir: D:\Java\WorkSpace\New_HR\HR-11\src\main\webapp\WEB-INF\classes
[WARNING]      [echo] Created webapp/WEB-INF/classes and lib directories
[INFO] Executed tasks
[INFO] 
[INFO] --- resources:3.1.0:resources (default-resources) @ HR-11 ---
[INFO] Using 'UTF-8' encoding to copy filtered resources.
[INFO] Copying 5 resources
[INFO] Copying 59 resources
[INFO] 
[INFO] --- resources:3.1.0:copy-resources (copy-main-resources) @ HR-11 ---
[INFO] Using 'UTF-8' encoding to copy filtered resources.
[INFO] Copying 60 resources
[INFO] 
[INFO] --- compiler:3.13.0:compile (default-compile) @ HR-11 ---
[INFO] Recompiling the module because of changed source code.
[INFO] Compiling 241 source files with javac [debug parameters release 21] to src\main\webapp\WEB-INF\classes
[INFO] /D:/Java/WorkSpace/New_HR/HR-11/src/main/java/com/ait/config/MultilingualConfig.java: Some input files use or override a deprecated API.
[INFO] /D:/Java/WorkSpace/New_HR/HR-11/src/main/java/com/ait/config/MultilingualConfig.java: Recompile with -Xlint:deprecation for details.
[INFO] /D:/Java/WorkSpace/New_HR/HR-11/src/main/java/com/ait/org/orgManage/controller/OrgComposeController.java: D:\Java\WorkSpace\New_HR\HR-11\src\main\java\com\ait\org\orgManage\controller\OrgComposeController.java uses unchecked or unsafe operations.
[INFO] /D:/Java/WorkSpace/New_HR/HR-11/src/main/java/com/ait/org/orgManage/controller/OrgComposeController.java: Recompile with -Xlint:unchecked for details.
[INFO] 
[INFO] --- resources:3.1.0:testResources (default-testResources) @ HR-11 ---
[INFO] Using 'UTF-8' encoding to copy filtered resources.
[INFO] skip non existing resourceDirectory D:\Java\WorkSpace\New_HR\HR-11\src\test\resources
[INFO] 
[INFO] --- compiler:3.13.0:testCompile (default-testCompile) @ HR-11 ---
[INFO] Recompiling the module because of changed source code.
[INFO] Compiling 1 source file with javac [debug parameters release 21] to src\main\webapp\WEB-INF\classes
[INFO] 
[INFO] --- surefire:3.5.3:test (default-test) @ HR-11 ---
[INFO] Tests are skipped.
[INFO] 
[INFO] --- war:3.4.0:war (default-war) @ HR-11 ---
[INFO] Downloading from central: https://repo.maven.apache.org/maven2/org/apache/maven/maven-archiver/3.6.0/maven-archiver-3.6.0.jar
[INFO] Downloaded from central: https://repo.maven.apache.org/maven2/org/apache/maven/maven-archiver/3.6.0/maven-archiver-3.6.0.jar (26 kB at 56 kB/s)
[INFO] Downloading from central: https://repo.maven.apache.org/maven2/org/codehaus/plexus/plexus-archiver/4.7.1/plexus-archiver-4.7.1.jar
[INFO] Downloading from central: https://repo.maven.apache.org/maven2/org/codehaus/plexus/plexus-io/3.4.0/plexus-io-3.4.0.jar
[INFO] Downloading from central: https://repo.maven.apache.org/maven2/com/github/luben/zstd-jni/1.5.5-2/zstd-jni-1.5.5-2.jar
[INFO] Downloaded from central: https://repo.maven.apache.org/maven2/org/codehaus/plexus/plexus-io/3.4.0/plexus-io-3.4.0.jar (79 kB at 891 kB/s)
[INFO] Downloaded from central: https://repo.maven.apache.org/maven2/org/codehaus/plexus/plexus-archiver/4.7.1/plexus-archiver-4.7.1.jar (221 kB at 1.1 MB/s)
[INFO] Downloaded from central: https://repo.maven.apache.org/maven2/com/github/luben/zstd-jni/1.5.5-2/zstd-jni-1.5.5-2.jar (5.9 MB at 15 MB/s)
[INFO] Packaging webapp
[INFO] Assembling webapp [HR-11] in [D:\Java\WorkSpace\New_HR\HR-11\target\exploded-war]
[INFO] Processing war project
[INFO] Copying webapp resources [D:\Java\WorkSpace\New_HR\HR-11\src\main\webapp]
[INFO] Building war: D:\Java\WorkSpace\New_HR\HR-11\target\HR-11.war
[INFO] 
[INFO] --- dependency:3.1.2:copy-dependencies (copy-dependencies) @ HR-11 ---
[INFO] org.springframework.boot:spring-boot-starter-thymeleaf:jar:3.5.5 already exists in destination.
[INFO] org.springframework.boot:spring-boot-starter:jar:3.5.5 already exists in destination.
[INFO] org.springframework.boot:spring-boot-starter-logging:jar:3.5.5 already exists in destination.
[INFO] ch.qos.logback:logback-classic:jar:1.5.18 already exists in destination.
[INFO] ch.qos.logback:logback-core:jar:1.5.18 already exists in destination.
[INFO] org.apache.logging.log4j:log4j-to-slf4j:jar:2.24.3 already exists in destination.
[INFO] org.apache.logging.log4j:log4j-api:jar:2.24.3 already exists in destination.
[INFO] org.slf4j:jul-to-slf4j:jar:2.0.17 already exists in destination.
[INFO] org.yaml:snakeyaml:jar:2.4 already exists in destination.
[INFO] org.thymeleaf:thymeleaf-spring6:jar:3.1.3.RELEASE already exists in destination.
[INFO] org.thymeleaf:thymeleaf:jar:3.1.3.RELEASE already exists in destination.
[INFO] org.attoparser:attoparser:jar:2.0.7.RELEASE already exists in destination.
[INFO] org.unbescape:unbescape:jar:1.1.6.RELEASE already exists in destination.
[INFO] org.slf4j:slf4j-api:jar:2.0.17 already exists in destination.
[INFO] org.springframework.boot:spring-boot-starter-web:jar:3.5.5 already exists in destination.
[INFO] org.springframework.boot:spring-boot-starter-json:jar:3.5.5 already exists in destination.
[INFO] com.fasterxml.jackson.core:jackson-databind:jar:2.19.2 already exists in destination.
[INFO] com.fasterxml.jackson.core:jackson-annotations:jar:2.19.2 already exists in destination.
[INFO] com.fasterxml.jackson.core:jackson-core:jar:2.19.2 already exists in destination.
[INFO] com.fasterxml.jackson.datatype:jackson-datatype-jdk8:jar:2.19.2 already exists in destination.
[INFO] com.fasterxml.jackson.datatype:jackson-datatype-jsr310:jar:2.19.2 already exists in destination.
[INFO] com.fasterxml.jackson.module:jackson-module-parameter-names:jar:2.19.2 already exists in destination.
[INFO] org.springframework:spring-web:jar:6.2.10 already exists in destination.
[INFO] org.springframework:spring-webmvc:jar:6.2.10 already exists in destination.
[INFO] org.springframework.boot:spring-boot-starter-jdbc:jar:3.5.5 already exists in destination.
[INFO] com.zaxxer:HikariCP:jar:6.3.2 already exists in destination.
[INFO] org.springframework:spring-jdbc:jar:6.2.10 already exists in destination.
[INFO] org.springframework:spring-tx:jar:6.2.10 already exists in destination.
[INFO] org.mybatis.spring.boot:mybatis-spring-boot-starter:jar:3.0.5 already exists in destination.
[INFO] org.mybatis.spring.boot:mybatis-spring-boot-autoconfigure:jar:3.0.5 already exists in destination.
[INFO] org.mybatis:mybatis:jar:3.5.19 already exists in destination.
[INFO] org.mybatis:mybatis-spring:jar:3.0.5 already exists in destination.
[INFO] org.springframework.boot:spring-boot-devtools:jar:3.5.5 already exists in destination.
[INFO] org.springframework.boot:spring-boot:jar:3.5.5 already exists in destination.
[INFO] org.springframework.boot:spring-boot-autoconfigure:jar:3.5.5 already exists in destination.
[INFO] com.oracle.database.jdbc:ojdbc11:jar:23.7.0.25.01 already exists in destination.
[INFO] org.projectlombok:lombok:jar:1.18.38 already exists in destination.
[INFO] jakarta.annotation:jakarta.annotation-api:jar:2.1.1 already exists in destination.
[INFO] org.apache.tomcat.embed:tomcat-embed-el:jar:10.1.44 already exists in destination.
[INFO] org.springframework:spring-core:jar:6.2.10 already exists in destination.
[INFO] org.springframework:spring-jcl:jar:6.2.10 already exists in destination.
[INFO] org.springframework:spring-aop:jar:6.2.10 already exists in destination.
[INFO] org.springframework:spring-beans:jar:6.2.10 already exists in destination.
[INFO] org.springframework:spring-aspects:jar:6.2.10 already exists in destination.
[INFO] org.aspectj:aspectjweaver:jar:1.9.24 already exists in destination.
[INFO] org.aspectj:aspectjrt:jar:1.9.24 already exists in destination.
[INFO] org.springframework.security:spring-security-web:jar:6.5.3 already exists in destination.
[INFO] org.springframework.security:spring-security-core:jar:6.5.3 already exists in destination.
[INFO] org.springframework:spring-context:jar:6.2.10 already exists in destination.
[INFO] org.springframework:spring-expression:jar:6.2.10 already exists in destination.
[INFO] org.springframework.security:spring-security-config:jar:6.5.3 already exists in destination.
[INFO] org.springframework.security:spring-security-crypto:jar:6.5.3 already exists in destination.
[INFO] org.springframework.boot:spring-boot-starter-cache:jar:3.5.5 already exists in destination.
[INFO] org.springframework:spring-context-support:jar:6.2.10 already exists in destination.
[INFO] com.github.ben-manes.caffeine:caffeine:jar:3.2.2 already exists in destination.
[INFO] org.jspecify:jspecify:jar:1.0.0 already exists in destination.
[INFO] com.google.errorprone:error_prone_annotations:jar:2.40.0 already exists in destination.
[INFO] org.springframework.boot:spring-boot-starter-actuator:jar:3.5.5 already exists in destination.
[INFO] org.springframework.boot:spring-boot-actuator-autoconfigure:jar:3.5.5 already exists in destination.
[INFO] org.springframework.boot:spring-boot-actuator:jar:3.5.5 already exists in destination.
[INFO] io.micrometer:micrometer-observation:jar:1.15.3 already exists in destination.
[INFO] io.micrometer:micrometer-commons:jar:1.15.3 already exists in destination.
[INFO] io.micrometer:micrometer-jakarta9:jar:1.15.3 already exists in destination.
[INFO] io.micrometer:micrometer-registry-prometheus:jar:1.15.3 already exists in destination.
[INFO] io.micrometer:micrometer-core:jar:1.15.3 already exists in destination.
[INFO] org.hdrhistogram:HdrHistogram:jar:2.2.2 already exists in destination.
[INFO] org.latencyutils:LatencyUtils:jar:2.0.3 already exists in destination.
[INFO] io.prometheus:prometheus-metrics-core:jar:1.3.10 already exists in destination.
[INFO] io.prometheus:prometheus-metrics-model:jar:1.3.10 already exists in destination.
[INFO] io.prometheus:prometheus-metrics-config:jar:1.3.10 already exists in destination.
[INFO] io.prometheus:prometheus-metrics-tracer-common:jar:1.3.10 already exists in destination.
[INFO] io.prometheus:prometheus-metrics-exposition-formats:jar:1.3.10 already exists in destination.
[INFO] io.prometheus:prometheus-metrics-exposition-textformats:jar:1.3.10 already exists in destination.
[INFO] org.springframework.boot:spring-boot-starter-validation:jar:3.5.5 already exists in destination.
[INFO] org.hibernate.validator:hibernate-validator:jar:8.0.3.Final already exists in destination.
[INFO] jakarta.validation:jakarta.validation-api:jar:3.0.2 already exists in destination.
[INFO] org.jboss.logging:jboss-logging:jar:3.6.1.Final already exists in destination.
[INFO] com.fasterxml:classmate:jar:1.7.0 already exists in destination.
[INFO] 
[INFO] --- antrun:3.1.0:run (copy-to-jeus) @ HR-11 ---
[INFO] Executing tasks
[INFO]      [copy] Copying 1271 files to C:\jeus\domains\adminDomain\applications\HR-11
[INFO]      [copy] Copied 206 empty directories to 1 empty directory under C:\jeus\domains\adminDomain\applications\HR-11
[WARNING]      [echo] Exploded WAR copied to JEUS: C:\jeus\domains\adminDomain\applications/HR-11
[INFO] Executed tasks
[INFO] 
[INFO] --- war:3.4.0:exploded (create-exploded-war) @ HR-11 ---
[INFO] Exploding webapp
[INFO] Assembling webapp [HR-11] in [D:\Java\WorkSpace\New_HR\HR-11\target\exploded-war]
[INFO] Processing war project
[INFO] Copying webapp resources [D:\Java\WorkSpace\New_HR\HR-11\src\main\webapp]
[INFO] 
[INFO] --- spring-boot:3.5.5:repackage (repackage) @ HR-11 ---
[INFO] Replacing main artifact D:\Java\WorkSpace\New_HR\HR-11\target\HR-11.war with repackaged archive, adding nested dependencies in BOOT-INF/.
[INFO] The original artifact has been renamed to D:\Java\WorkSpace\New_HR\HR-11\target\HR-11.war.original
[INFO] ------------------------------------------------------------------------
[INFO] BUILD SUCCESS
[INFO] ------------------------------------------------------------------------
[INFO] Total time:  19.976 s
[INFO] Finished at: 2026-03-03T05:44:49+07:00
[INFO] ------------------------------------------------------------------------
