#
# There is insufficient memory for the Java Runtime Environment to continue.
# Native memory allocation (malloc) failed to allocate 1667440 bytes. Error detail: Chunk::new
# Possible reasons:
#   The system is out of physical RAM or swap space
#   This process is running with CompressedOops enabled, and the Java Heap may be blocking the growth of the native heap
# Possible solutions:
#   Reduce memory load on the system
#   Increase physical memory or swap space
#   Check if swap backing store is full
#   Decrease Java heap size (-Xmx/-Xms)
#   Decrease number of Java threads
#   Decrease Java thread stack sizes (-Xss)
#   Set larger code cache with -XX:ReservedCodeCacheSize=
#   JVM is running with Zero Based Compressed Oops mode in which the Java heap is
#     placed in the first 32GB address space. The Java Heap base address is the
#     maximum limit for the native heap growth. Please use -XX:HeapBaseMinAddress
#     to set the Java Heap base and to place the Java Heap above 32GB virtual address.
# This output file may be truncated or incomplete.
#
#  Out of Memory Error (arena.cpp:168), pid=24868, tid=37804
#
# JRE version: OpenJDK Runtime Environment Temurin-21.0.12+8 (21.0.12+8) (build 21.0.12+8-LTS)
# Java VM: OpenJDK 64-Bit Server VM Temurin-21.0.12+8 (21.0.12+8-LTS, mixed mode, sharing, tiered, compressed oops, compressed class ptrs, parallel gc, windows-amd64)
# No core dump will be written. Minidumps are not enabled by default on client versions of Windows
#

---------------  S U M M A R Y ------------

Command Line: --add-modules=ALL-SYSTEM --add-opens=java.base/java.util=ALL-UNNAMED --add-opens=java.base/java.lang=ALL-UNNAMED --add-opens=java.base/sun.nio.fs=ALL-UNNAMED -Declipse.application=org.eclipse.jdt.ls.core.id1 -Dosgi.bundles.defaultStartLevel=4 -Declipse.product=org.eclipse.jdt.ls.core.product -Djava.import.generatesMetadataFilesAtProjectRoot=false -DDetectVMInstallationsJob.disabled=true -Dfile.encoding=utf8 -XX:+UseParallelGC -XX:GCTimeRatio=4 -XX:AdaptiveSizePolicyWeight=90 -Dsun.zip.disableMemoryMapping=true -Xmx4G -Xms100m -Xlog:disable -javaagent:c:\Users\ADMIN\.vscode\extensions\redhat.java-1.56.2026082208-win32-x64\lombok\lombok-1.18.39-4050.jar -XX:+HeapDumpOnOutOfMemoryError -XX:HeapDumpPath=c:\Users\ADMIN\AppData\Roaming\Code\User\workspaceStorage\74c38ed8cea7b21c80b73b3ec623b894\redhat.java -Daether.dependencyCollector.impl=bf -XX:+UnlockDiagnosticVMOptions -XX:+AllowArchivingWithJavaAgent -XX:+AutoCreateSharedArchive -XX:SharedArchiveFile=c:\Users\ADMIN\AppData\Roaming\Code\User\globalStorage\redhat.java\1.56.2026082208\jdtls.jsa c:\Users\ADMIN\.vscode\extensions\redhat.java-1.56.2026082208-win32-x64\server\plugins\org.eclipse.equinox.launcher_1.8.0.v20260804-1928.jar -configuration c:\Users\ADMIN\AppData\Roaming\Code\User\globalStorage\redhat.java\1.56.2026082208\config_win -data c:\Users\ADMIN\AppData\Roaming\Code\User\workspaceStorage\74c38ed8cea7b21c80b73b3ec623b894\redhat.java\jdt_ws --stdio

Host: 13th Gen Intel(R) Core(TM) i7-13700H, 20 cores, 15G,  Windows 11 , 64 bit Build 26100 (10.0.26100.9168)
Time: Wed Aug 26 06:18:04 2026 SE Asia Standard Time elapsed time: 5.128724 seconds (0d 0h 0m 5s)

---------------  T H R E A D  ---------------

Current thread (0x000001f8efa38f50):  JavaThread "C2 CompilerThread1" daemon [_thread_in_native, id=37804, stack(0x00000057c7600000,0x00000057c7700000) (1024K)]


Current CompileTask:
C2:5129 3361       4       org.eclipse.core.internal.dtree.DataTreeReader::readNode (248 bytes)

Stack: [0x00000057c7600000,0x00000057c7700000]
Native frames: (J=compiled Java code, j=interpreted, Vv=VM code, C=native code)
V  [jvm.dll+0x6d83e9]
V  [jvm.dll+0x8b5736]
V  [jvm.dll+0x8b7cee]
V  [jvm.dll+0x8b83d3]
V  [jvm.dll+0x284596]
V  [jvm.dll+0xc685d]
V  [jvm.dll+0xc6da1]
V  [jvm.dll+0x3bf18b]
V  [jvm.dll+0x1e4149]
V  [jvm.dll+0x24c853]
V  [jvm.dll+0x24bce0]
V  [jvm.dll+0x1cb4ae]
V  [jvm.dll+0x25baad]
V  [jvm.dll+0x25a03a]
V  [jvm.dll+0x3f8aae]
V  [jvm.dll+0x8600cd]
V  [jvm.dll+0x6d6c1d]
C  [ucrtbase.dll+0x2cd30]
C  [KERNEL32.DLL+0x2ccb7]
C  [ntdll.dll+0xaad6c]


---------------  P R O C E S S  ---------------

Threads class SMR info:
_java_thread_list=0x000001f8ef133590, length=21, elements={
0x000001f8845010b0, 0x000001f8a1e3afb0, 0x000001f8a1e3bc70, 0x000001f8a1e42a50,
0x000001f8a1e43710, 0x000001f8a1e442a0, 0x000001f8a1e4b5b0, 0x000001f8e8401e50,
0x000001f8e8402500, 0x000001f8e85077f0, 0x000001f8e8507ea0, 0x000001f8e8690d90,
0x000001f8ea351cc0, 0x000001f8ef0c44a0, 0x000001f8ef0b7a80, 0x000001f8ea99e5e0,
0x000001f8ef2f9e30, 0x000001f8ef4de7e0, 0x000001f8ef7c79f0, 0x000001f8efa38f50,
0x000001f8ef77c070
}

Java Threads: ( => current thread )
  0x000001f8845010b0 JavaThread "main"                              [_thread_blocked, id=20836, stack(0x00000057c6400000,0x00000057c6500000) (1024K)]
  0x000001f8a1e3afb0 JavaThread "Reference Handler"          daemon [_thread_blocked, id=9668, stack(0x00000057c6800000,0x00000057c6900000) (1024K)]
  0x000001f8a1e3bc70 JavaThread "Finalizer"                  daemon [_thread_blocked, id=28300, stack(0x00000057c6900000,0x00000057c6a00000) (1024K)]
  0x000001f8a1e42a50 JavaThread "Signal Dispatcher"          daemon [_thread_blocked, id=3084, stack(0x00000057c6a00000,0x00000057c6b00000) (1024K)]
  0x000001f8a1e43710 JavaThread "Attach Listener"            daemon [_thread_blocked, id=7740, stack(0x00000057c6b00000,0x00000057c6c00000) (1024K)]
  0x000001f8a1e442a0 JavaThread "Service Thread"             daemon [_thread_blocked, id=43572, stack(0x00000057c6c00000,0x00000057c6d00000) (1024K)]
  0x000001f8a1e4b5b0 JavaThread "Monitor Deflation Thread"   daemon [_thread_blocked, id=31028, stack(0x00000057c6d00000,0x00000057c6e00000) (1024K)]
  0x000001f8e8401e50 JavaThread "C2 CompilerThread0"         daemon [_thread_in_native, id=33976, stack(0x00000057c6e00000,0x00000057c6f00000) (1024K)]
  0x000001f8e8402500 JavaThread "C1 CompilerThread0"         daemon [_thread_blocked, id=18072, stack(0x00000057c6f00000,0x00000057c7000000) (1024K)]
  0x000001f8e85077f0 JavaThread "C1 CompilerThread1"         daemon [_thread_blocked, id=21684, stack(0x00000057c7000000,0x00000057c7100000) (1024K)]
  0x000001f8e8507ea0 JavaThread "C1 CompilerThread2"         daemon [_thread_blocked, id=31148, stack(0x00000057c7100000,0x00000057c7200000) (1024K)]
  0x000001f8e8690d90 JavaThread "Common-Cleaner"             daemon [_thread_blocked, id=34376, stack(0x00000057c7400000,0x00000057c7500000) (1024K)]
  0x000001f8ea351cc0 JavaThread "Notification Thread"        daemon [_thread_blocked, id=22688, stack(0x00000057c7500000,0x00000057c7600000) (1024K)]
  0x000001f8ef0c44a0 JavaThread "Active Thread: Equinox Container: f66c001f-18b9-47b5-9005-4df54cae01f8"        [_thread_blocked, id=10096, stack(0x00000057c7d00000,0x00000057c7e00000) (1024K)]
  0x000001f8ef0b7a80 JavaThread "Refresh Thread: Equinox Container: f66c001f-18b9-47b5-9005-4df54cae01f8" daemon [_thread_blocked, id=39096, stack(0x00000057c7f00000,0x00000057c8000000) (1024K)]
  0x000001f8ea99e5e0 JavaThread "Framework Event Dispatcher: Equinox Container: f66c001f-18b9-47b5-9005-4df54cae01f8" daemon [_thread_blocked, id=36856, stack(0x00000057c8000000,0x00000057c8100000) (1024K)]
  0x000001f8ef2f9e30 JavaThread "Start Level: Equinox Container: f66c001f-18b9-47b5-9005-4df54cae01f8" daemon [_thread_in_native, id=9232, stack(0x00000057c8100000,0x00000057c8200000) (1024K)]
  0x000001f8ef4de7e0 JavaThread "Bundle File Closer"         daemon [_thread_blocked, id=30512, stack(0x00000057c8500000,0x00000057c8600000) (1024K)]
  0x000001f8ef7c79f0 JavaThread "SCR Component Actor"        daemon [_thread_blocked, id=37312, stack(0x00000057c7300000,0x00000057c7400000) (1024K)]
=>0x000001f8efa38f50 JavaThread "C2 CompilerThread1"         daemon [_thread_in_native, id=37804, stack(0x00000057c7600000,0x00000057c7700000) (1024K)]
  0x000001f8ef77c070 JavaThread "Worker-JM"                         [_thread_blocked, id=14272, stack(0x00000057c8600000,0x00000057c8700000) (1024K)]
Total: 21

Other Threads:
  0x000001f886aee170 VMThread "VM Thread"                           [id=35936, stack(0x00000057c6700000,0x00000057c6800000) (1024K)]
  0x000001f8a1d2ca10 WatcherThread "VM Periodic Task Thread"        [id=35596, stack(0x00000057c6600000,0x00000057c6700000) (1024K)]
  0x000001f886a6ebb0 WorkerThread "GC Thread#0"                     [id=36032, stack(0x00000057c6500000,0x00000057c6600000) (1024K)]
  0x000001f8ea8ee580 WorkerThread "GC Thread#1"                     [id=35856, stack(0x00000057c7700000,0x00000057c7800000) (1024K)]
  0x000001f8ea886230 WorkerThread "GC Thread#2"                     [id=19848, stack(0x00000057c7800000,0x00000057c7900000) (1024K)]
  0x000001f8ea8865e0 WorkerThread "GC Thread#3"                     [id=25620, stack(0x00000057c7900000,0x00000057c7a00000) (1024K)]
  0x000001f8ef22a010 WorkerThread "GC Thread#4"                     [id=2416, stack(0x00000057c7a00000,0x00000057c7b00000) (1024K)]
  0x000001f8ef22a3c0 WorkerThread "GC Thread#5"                     [id=33508, stack(0x00000057c7b00000,0x00000057c7c00000) (1024K)]
  0x000001f8ef22a770 WorkerThread "GC Thread#6"                     [id=12492, stack(0x00000057c7c00000,0x00000057c7d00000) (1024K)]
  0x000001f8ef088d00 WorkerThread "GC Thread#7"                     [id=41004, stack(0x00000057c7e00000,0x00000057c7f00000) (1024K)]
  0x000001f8ef6e0250 WorkerThread "GC Thread#8"                     [id=36020, stack(0x00000057c8200000,0x00000057c8300000) (1024K)]
  0x000001f8ef6e0600 WorkerThread "GC Thread#9"                     [id=41476, stack(0x00000057c8300000,0x00000057c8400000) (1024K)]
  0x000001f8ef142b30 WorkerThread "GC Thread#10"                    [id=37912, stack(0x00000057c8400000,0x00000057c8500000) (1024K)]
  0x000001f8ef7496a0 WorkerThread "GC Thread#11"                    [id=40760, stack(0x00000057c8700000,0x00000057c8800000) (1024K)]
  0x000001f8ef749a50 WorkerThread "GC Thread#12"                    [id=29076, stack(0x00000057c8800000,0x00000057c8900000) (1024K)]
Total: 15

Threads with active compile tasks:
C2 CompilerThread0  5152 3486 %     4       sun.security.provider.SHA::implCompress0 @ 27 (478 bytes)
C2 CompilerThread1  5152 3361       4       org.eclipse.core.internal.dtree.DataTreeReader::readNode (248 bytes)
Total: 2

VM state: not at safepoint (normal execution)

VM Mutex/Monitor currently owned by a thread: None

Heap address: 0x0000000700000000, size: 4096 MB, Compressed Oops mode: Zero based, Oop shift amount: 3

CDS archive(s) mapped at: [0x000001f8a2000000-0x000001f8a2ba0000-0x000001f8a6140000), size 68419584, SharedBaseAddress: 0x000001f8a2000000, ArchiveRelocationMode: 1.
Compressed class space mapped at: 0x000001f8a7000000-0x000001f8e7000000, reserved size: 1073741824
Narrow klass base: 0x000001f8a2000000, Narrow klass shift: 0, Narrow klass range: 0x100000000

GC Precious Log:
 CardTable entry size: 512
 CPUs: 20 total, 20 available
 Memory: 15991M
 Large Page Support: Disabled
 NUMA Support: Disabled
 Compressed Oops: Enabled (Zero based)
 Alignments: Space 512K, Generation 512K, Heap 2M
 Heap Min Capacity: 100M
 Heap Initial Capacity: 100M
 Heap Max Capacity: 4G
 Pre-touch: Disabled
 Parallel Workers: 15

Heap:
 PSYoungGen      total 29184K, used 21174K [0x00000007aab00000, 0x00000007ace80000, 0x0000000800000000)
  eden space 25088K, 68% used [0x00000007aab00000,0x00000007abbb03d0,0x00000007ac380000)
  from space 4096K, 99% used [0x00000007ac400000,0x00000007ac7fd5c0,0x00000007ac800000)
  to   space 5632K, 0% used [0x00000007ac900000,0x00000007ac900000,0x00000007ace80000)
 ParOldGen       total 68608K, used 7641K [0x0000000700000000, 0x0000000704300000, 0x00000007aab00000)
  object space 68608K, 11% used [0x0000000700000000,0x0000000700776678,0x0000000704300000)
 Metaspace       used 7912K, committed 8320K, reserved 1114112K
  class space    used 703K, committed 896K, reserved 1048576K

Card table byte_map: [0x000001f898c40000,0x000001f899450000] _byte_map_base: 0x000001f895440000

Marking Bits: (ParMarkBitMap*) 0x00007ffce8244460
 Begin Bits: [0x000001f899450000, 0x000001f89d450000)
 End Bits:   [0x000001f89d450000, 0x000001f8a1450000)

Polling page: 0x000001f884820000

Metaspace:

Usage:
  Non-class:      7.04 MB used.
      Class:    703.20 KB used.
       Both:      7.73 MB used.

Virtual space:
  Non-class space:       64.00 MB reserved,       7.25 MB ( 11%) committed,  1 nodes.
      Class space:        1.00 GB reserved,     896.00 KB ( <1%) committed,  1 nodes.
             Both:        1.06 GB reserved,       8.12 MB ( <1%) committed. 

Chunk freelists:
   Non-Class:  7.09 MB
       Class:  15.01 MB
        Both:  22.10 MB

MaxMetaspaceSize: unlimited
CompressedClassSpaceSize: 1.00 GB
Initial GC threshold: 21.00 MB
Current GC threshold: 21.00 MB
CDS: on
 - commit_granule_bytes: 65536.
 - commit_granule_words: 8192.
 - virtual_space_node_default_size: 8388608.
 - enlarge_chunks_in_place: 1.
 - use_allocation_guard: 0.


Internal statistics:

num_allocs_failed_limit: 0.
num_arena_births: 334.
num_arena_deaths: 0.
num_vsnodes_births: 2.
num_vsnodes_deaths: 0.
num_space_committed: 130.
num_space_uncommitted: 0.
num_chunks_returned_to_freelist: 0.
num_chunks_taken_from_freelist: 656.
num_chunk_merges: 0.
num_chunk_splits: 416.
num_chunks_enlarged: 257.
num_inconsistent_stats: 0.

CodeHeap 'non-profiled nmethods': size=119168Kb used=1492Kb max_used=1492Kb free=117675Kb
 bounds [0x000001f8917e0000, 0x000001f891a50000, 0x000001f898c40000]
CodeHeap 'profiled nmethods': size=119104Kb used=7233Kb max_used=7233Kb free=111871Kb
 bounds [0x000001f889c40000, 0x000001f88a360000, 0x000001f891090000]
CodeHeap 'non-nmethods': size=7488Kb used=2406Kb max_used=2999Kb free=5081Kb
 bounds [0x000001f891090000, 0x000001f891380000, 0x000001f8917e0000]
CodeCache: size=245760Kb, used=11131Kb, max_used=11724Kb, free=234627Kb
 total_blobs=4059, nmethods=3500, adapters=463, full_count=0
Compilation: enabled, stopped_count=0, restarted_count=0

Compilation events (20 events):
Event: 4.106 Thread 0x000001f8e85077f0 nmethod 3468 0x000001f88a343390 code [0x000001f88a343520, 0x000001f88a343620]
Event: 4.107 Thread 0x000001f8e8508550 3470       3       sun.security.provider.SHA::implCompress0 (478 bytes)
Event: 4.109 Thread 0x000001f8e8508550 nmethod 3470 0x000001f88a343690 code [0x000001f88a343900, 0x000001f88a344618]
Event: 4.109 Thread 0x000001f8e8508550 3471       3       sun.security.provider.SHA::implCompress (13 bytes)
Event: 4.109 Thread 0x000001f8e85077f0 3472       3       sun.security.provider.SHA::implCompressCheck (18 bytes)
Event: 4.109 Thread 0x000001f8e85077f0 nmethod 3472 0x000001f88a344c90 code [0x000001f88a344e60, 0x000001f88a3451f0]
Event: 4.109 Thread 0x000001f8e8508550 nmethod 3471 0x000001f88a345390 code [0x000001f88a345580, 0x000001f88a3459b8]
Event: 4.111 Thread 0x000001f8e8508550 3473       3       java.util.concurrent.ConcurrentHashMap::sumCount (60 bytes)
Event: 4.111 Thread 0x000001f8e8508550 nmethod 3473 0x000001f88a345c10 code [0x000001f88a345dc0, 0x000001f88a346008]
Event: 4.112 Thread 0x000001f8e8401e50 nmethod 3383 0x000001f891951110 code [0x000001f891951380, 0x000001f891951c70]
Event: 4.112 Thread 0x000001f8e8401e50 3469       4       java.lang.Integer::rotateLeft (9 bytes)
Event: 4.112 Thread 0x000001f8e8401e50 nmethod 3469 0x000001f891952210 code [0x000001f891952380, 0x000001f8919523f0]
Event: 4.112 Thread 0x000001f8e8401e50 3466       4       org.eclipse.osgi.internal.hookregistry.ClassLoaderHook::recordClassDefine (1 bytes)
Event: 4.112 Thread 0x000001f8e8401e50 nmethod 3466 0x000001f891952510 code [0x000001f8919526a0, 0x000001f891952728]
Event: 4.112 Thread 0x000001f8e8401e50 3446       4       jdk.internal.loader.ClassLoaders::platformClassLoader (4 bytes)
Event: 4.113 Thread 0x000001f8e8401e50 nmethod 3446 0x000001f891952810 code [0x000001f8919529a0, 0x000001f891952a10]
Event: 4.113 Thread 0x000001f8e8401e50 3354 %     4       org.eclipse.core.internal.localstore.SafeChunkyInputStream::refineChunk @ 19 (52 bytes)
Event: 4.117 Thread 0x000001f8e8401e50 nmethod 3354% 0x000001f891952b10 code [0x000001f891952ca0, 0x000001f891952e40]
Event: 4.117 Thread 0x000001f8e8401e50 3371       4       org.eclipse.core.internal.dtree.DataDeltaNode::<init> (8 bytes)
Event: 4.119 Thread 0x000001f8e8401e50 nmethod 3371 0x000001f891952f90 code [0x000001f891953120, 0x000001f891953230]

GC Heap History (10 events):
Event: 0.430 GC heap before
{Heap before GC invocations=1 (full 0):
 PSYoungGen      total 29696K, used 25600K [0x00000007aab00000, 0x00000007acc00000, 0x0000000800000000)
  eden space 25600K, 100% used [0x00000007aab00000,0x00000007ac400000,0x00000007ac400000)
  from space 4096K, 0% used [0x00000007ac800000,0x00000007ac800000,0x00000007acc00000)
  to   space 4096K, 0% used [0x00000007ac400000,0x00000007ac400000,0x00000007ac800000)
 ParOldGen       total 68608K, used 0K [0x0000000700000000, 0x0000000704300000, 0x00000007aab00000)
  object space 68608K, 0% used [0x0000000700000000,0x0000000700000000,0x0000000704300000)
 Metaspace       used 1763K, committed 1984K, reserved 1114112K
  class space    used 151K, committed 256K, reserved 1048576K
}
Event: 0.435 GC heap after
{Heap after GC invocations=1 (full 0):
 PSYoungGen      total 29696K, used 3708K [0x00000007aab00000, 0x00000007acc00000, 0x0000000800000000)
  eden space 25600K, 0% used [0x00000007aab00000,0x00000007aab00000,0x00000007ac400000)
  from space 4096K, 90% used [0x00000007ac400000,0x00000007ac79f000,0x00000007ac800000)
  to   space 4096K, 0% used [0x00000007ac800000,0x00000007ac800000,0x00000007acc00000)
 ParOldGen       total 68608K, used 16K [0x0000000700000000, 0x0000000704300000, 0x00000007aab00000)
  object space 68608K, 0% used [0x0000000700000000,0x0000000700004000,0x0000000704300000)
 Metaspace       used 1763K, committed 1984K, reserved 1114112K
  class space    used 151K, committed 256K, reserved 1048576K
}
Event: 0.848 GC heap before
{Heap before GC invocations=2 (full 0):
 PSYoungGen      total 29696K, used 29308K [0x00000007aab00000, 0x00000007acc00000, 0x0000000800000000)
  eden space 25600K, 100% used [0x00000007aab00000,0x00000007ac400000,0x00000007ac400000)
  from space 4096K, 90% used [0x00000007ac400000,0x00000007ac79f000,0x00000007ac800000)
  to   space 4096K, 0% used [0x00000007ac800000,0x00000007ac800000,0x00000007acc00000)
 ParOldGen       total 68608K, used 16K [0x0000000700000000, 0x0000000704300000, 0x00000007aab00000)
  object space 68608K, 0% used [0x0000000700000000,0x0000000700004000,0x0000000704300000)
 Metaspace       used 4798K, committed 5056K, reserved 1114112K
  class space    used 413K, committed 512K, reserved 1048576K
}
Event: 0.853 GC heap after
{Heap after GC invocations=2 (full 0):
 PSYoungGen      total 29696K, used 4075K [0x00000007aab00000, 0x00000007acc00000, 0x0000000800000000)
  eden space 25600K, 0% used [0x00000007aab00000,0x00000007aab00000,0x00000007ac400000)
  from space 4096K, 99% used [0x00000007ac800000,0x00000007acbfae50,0x00000007acc00000)
  to   space 4096K, 0% used [0x00000007ac400000,0x00000007ac400000,0x00000007ac800000)
 ParOldGen       total 68608K, used 1937K [0x0000000700000000, 0x0000000704300000, 0x00000007aab00000)
  object space 68608K, 2% used [0x0000000700000000,0x00000007001e46a8,0x0000000704300000)
 Metaspace       used 4798K, committed 5056K, reserved 1114112K
  class space    used 413K, committed 512K, reserved 1048576K
}
Event: 1.133 GC heap before
{Heap before GC invocations=3 (full 0):
 PSYoungGen      total 29696K, used 29675K [0x00000007aab00000, 0x00000007acc00000, 0x0000000800000000)
  eden space 25600K, 100% used [0x00000007aab00000,0x00000007ac400000,0x00000007ac400000)
  from space 4096K, 99% used [0x00000007ac800000,0x00000007acbfae50,0x00000007acc00000)
  to   space 4096K, 0% used [0x00000007ac400000,0x00000007ac400000,0x00000007ac800000)
 ParOldGen       total 68608K, used 1937K [0x0000000700000000, 0x0000000704300000, 0x00000007aab00000)
  object space 68608K, 2% used [0x0000000700000000,0x00000007001e46a8,0x0000000704300000)
 Metaspace       used 5901K, committed 6208K, reserved 1114112K
  class space    used 540K, committed 704K, reserved 1048576K
}
Event: 1.137 GC heap after
{Heap after GC invocations=3 (full 0):
 PSYoungGen      total 29696K, used 4072K [0x00000007aab00000, 0x00000007acc00000, 0x0000000800000000)
  eden space 25600K, 0% used [0x00000007aab00000,0x00000007aab00000,0x00000007ac400000)
  from space 4096K, 99% used [0x00000007ac400000,0x00000007ac7fa310,0x00000007ac800000)
  to   space 4096K, 0% used [0x00000007ac800000,0x00000007ac800000,0x00000007acc00000)
 ParOldGen       total 68608K, used 4421K [0x0000000700000000, 0x0000000704300000, 0x00000007aab00000)
  object space 68608K, 6% used [0x0000000700000000,0x00000007004514b8,0x0000000704300000)
 Metaspace       used 5901K, committed 6208K, reserved 1114112K
  class space    used 540K, committed 704K, reserved 1048576K
}
Event: 3.411 GC heap before
{Heap before GC invocations=4 (full 0):
 PSYoungGen      total 29696K, used 29672K [0x00000007aab00000, 0x00000007acc00000, 0x0000000800000000)
  eden space 25600K, 100% used [0x00000007aab00000,0x00000007ac400000,0x00000007ac400000)
  from space 4096K, 99% used [0x00000007ac400000,0x00000007ac7fa310,0x00000007ac800000)
  to   space 4096K, 0% used [0x00000007ac800000,0x00000007ac800000,0x00000007acc00000)
 ParOldGen       total 68608K, used 4421K [0x0000000700000000, 0x0000000704300000, 0x00000007aab00000)
  object space 68608K, 6% used [0x0000000700000000,0x00000007004514b8,0x0000000704300000)
 Metaspace       used 6425K, committed 6784K, reserved 1114112K
  class space    used 572K, committed 768K, reserved 1048576K
}
Event: 3.416 GC heap after
{Heap after GC invocations=4 (full 0):
 PSYoungGen      total 29696K, used 4094K [0x00000007aab00000, 0x00000007acc00000, 0x0000000800000000)
  eden space 25600K, 0% used [0x00000007aab00000,0x00000007aab00000,0x00000007ac400000)
  from space 4096K, 99% used [0x00000007ac800000,0x00000007acbffb88,0x00000007acc00000)
  to   space 4096K, 0% used [0x00000007ac400000,0x00000007ac400000,0x00000007ac800000)
 ParOldGen       total 68608K, used 6534K [0x0000000700000000, 0x0000000704300000, 0x00000007aab00000)
  object space 68608K, 9% used [0x0000000700000000,0x00000007006618c8,0x0000000704300000)
 Metaspace       used 6425K, committed 6784K, reserved 1114112K
  class space    used 572K, committed 768K, reserved 1048576K
}
Event: 3.892 GC heap before
{Heap before GC invocations=5 (full 0):
 PSYoungGen      total 29696K, used 29694K [0x00000007aab00000, 0x00000007acc00000, 0x0000000800000000)
  eden space 25600K, 100% used [0x00000007aab00000,0x00000007ac400000,0x00000007ac400000)
  from space 4096K, 99% used [0x00000007ac800000,0x00000007acbffb88,0x00000007acc00000)
  to   space 4096K, 0% used [0x00000007ac400000,0x00000007ac400000,0x00000007ac800000)
 ParOldGen       total 68608K, used 6534K [0x0000000700000000, 0x0000000704300000, 0x00000007aab00000)
  object space 68608K, 9% used [0x0000000700000000,0x00000007006618c8,0x0000000704300000)
 Metaspace       used 7533K, committed 7936K, reserved 1114112K
  class space    used 668K, committed 832K, reserved 1048576K
}
Event: 3.895 GC heap after
{Heap after GC invocations=5 (full 0):
 PSYoungGen      total 29184K, used 4085K [0x00000007aab00000, 0x00000007ace80000, 0x0000000800000000)
  eden space 25088K, 0% used [0x00000007aab00000,0x00000007aab00000,0x00000007ac380000)
  from space 4096K, 99% used [0x00000007ac400000,0x00000007ac7fd5c0,0x00000007ac800000)
  to   space 5632K, 0% used [0x00000007ac900000,0x00000007ac900000,0x00000007ace80000)
 ParOldGen       total 68608K, used 7641K [0x0000000700000000, 0x0000000704300000, 0x00000007aab00000)
  object space 68608K, 11% used [0x0000000700000000,0x0000000700776678,0x0000000704300000)
 Metaspace       used 7533K, committed 7936K, reserved 1114112K
  class space    used 668K, committed 832K, reserved 1048576K
}

Dll operation events (18 events):
Event: 0.009 Attempting to load shared library c:\Users\ADMIN\.vscode\extensions\redhat.java-1.56.2026082208-win32-x64\jre\21.0.12-win32-x86_64\bin\java.dll
Event: 0.009 Loaded shared library c:\Users\ADMIN\.vscode\extensions\redhat.java-1.56.2026082208-win32-x64\jre\21.0.12-win32-x86_64\bin\java.dll
Event: 0.099 Attempting to load shared library c:\Users\ADMIN\.vscode\extensions\redhat.java-1.56.2026082208-win32-x64\jre\21.0.12-win32-x86_64\bin\zip.dll
Event: 0.099 Loaded shared library c:\Users\ADMIN\.vscode\extensions\redhat.java-1.56.2026082208-win32-x64\jre\21.0.12-win32-x86_64\bin\zip.dll
Event: 0.101 Attempting to load shared library C:\Users\ADMIN\.vscode\extensions\redhat.java-1.56.2026082208-win32-x64\jre\21.0.12-win32-x86_64\bin\instrument.dll
Event: 0.101 Loaded shared library C:\Users\ADMIN\.vscode\extensions\redhat.java-1.56.2026082208-win32-x64\jre\21.0.12-win32-x86_64\bin\instrument.dll
Event: 0.104 Attempting to load shared library C:\Users\ADMIN\.vscode\extensions\redhat.java-1.56.2026082208-win32-x64\jre\21.0.12-win32-x86_64\bin\net.dll
Event: 0.105 Loaded shared library C:\Users\ADMIN\.vscode\extensions\redhat.java-1.56.2026082208-win32-x64\jre\21.0.12-win32-x86_64\bin\net.dll
Event: 0.106 Attempting to load shared library C:\Users\ADMIN\.vscode\extensions\redhat.java-1.56.2026082208-win32-x64\jre\21.0.12-win32-x86_64\bin\nio.dll
Event: 0.107 Loaded shared library C:\Users\ADMIN\.vscode\extensions\redhat.java-1.56.2026082208-win32-x64\jre\21.0.12-win32-x86_64\bin\nio.dll
Event: 0.109 Attempting to load shared library C:\Users\ADMIN\.vscode\extensions\redhat.java-1.56.2026082208-win32-x64\jre\21.0.12-win32-x86_64\bin\zip.dll
Event: 0.109 Loaded shared library C:\Users\ADMIN\.vscode\extensions\redhat.java-1.56.2026082208-win32-x64\jre\21.0.12-win32-x86_64\bin\zip.dll
Event: 0.119 Attempting to load shared library C:\Users\ADMIN\.vscode\extensions\redhat.java-1.56.2026082208-win32-x64\jre\21.0.12-win32-x86_64\bin\jimage.dll
Event: 0.119 Loaded shared library C:\Users\ADMIN\.vscode\extensions\redhat.java-1.56.2026082208-win32-x64\jre\21.0.12-win32-x86_64\bin\jimage.dll
Event: 0.160 Attempting to load shared library c:\Users\ADMIN\.vscode\extensions\redhat.java-1.56.2026082208-win32-x64\jre\21.0.12-win32-x86_64\bin\verify.dll
Event: 0.160 Loaded shared library c:\Users\ADMIN\.vscode\extensions\redhat.java-1.56.2026082208-win32-x64\jre\21.0.12-win32-x86_64\bin\verify.dll
Event: 0.906 Attempting to load shared library C:\Users\ADMIN\AppData\Roaming\Code\User\globalStorage\redhat.java\1.56.2026082208\config_win\org.eclipse.equinox.launcher\org.eclipse.equinox.launcher.win32.win32.x86_64_1.3.100.v20260804-1928\eclipse_11924.dll
Event: 0.909 Loaded shared library C:\Users\ADMIN\AppData\Roaming\Code\User\globalStorage\redhat.java\1.56.2026082208\config_win\org.eclipse.equinox.launcher\org.eclipse.equinox.launcher.win32.win32.x86_64_1.3.100.v20260804-1928\eclipse_11924.dll

Deoptimization events (20 events):
Event: 4.028 Thread 0x000001f8ef2f9e30 Uncommon trap: trap_request=0xffffffc6 fr.pc=0x000001f8919321ac relative=0x00000000000004ec
Event: 4.028 Thread 0x000001f8ef2f9e30 Uncommon trap: reason=bimorphic_or_optimized_type_check action=maybe_recompile pc=0x000001f8919321ac method=java.io.FilterInputStream.read()I @ 4 c2
Event: 4.028 Thread 0x000001f8ef2f9e30 DEOPT PACKING pc=0x000001f8919321ac sp=0x00000057c81f9580
Event: 4.028 Thread 0x000001f8ef2f9e30 DEOPT UNPACKING pc=0x000001f8910e3aa2 sp=0x00000057c81f9530 mode 2
Event: 4.047 Thread 0x000001f8ef2f9e30 Uncommon trap: trap_request=0xffffff45 fr.pc=0x000001f89193f944 relative=0x00000000000000a4
Event: 4.047 Thread 0x000001f8ef2f9e30 Uncommon trap: reason=unstable_if action=reinterpret pc=0x000001f89193f944 method=org.eclipse.core.runtime.Path.<init>(Ljava/lang/String;[Ljava/lang/String;I)V @ 9 c2
Event: 4.047 Thread 0x000001f8ef2f9e30 DEOPT PACKING pc=0x000001f89193f944 sp=0x00000057c81f9570
Event: 4.047 Thread 0x000001f8ef2f9e30 DEOPT UNPACKING pc=0x000001f8910e3aa2 sp=0x00000057c81f9518 mode 2
Event: 4.055 Thread 0x000001f8ef2f9e30 Uncommon trap: trap_request=0xffffff45 fr.pc=0x000001f8919331f8 relative=0x00000000000000d8
Event: 4.055 Thread 0x000001f8ef2f9e30 Uncommon trap: reason=unstable_if action=reinterpret pc=0x000001f8919331f8 method=org.eclipse.core.runtime.Path.equals(Ljava/lang/Object;)Z @ 61 c2
Event: 4.055 Thread 0x000001f8ef2f9e30 DEOPT PACKING pc=0x000001f8919331f8 sp=0x00000057c81f94d0
Event: 4.055 Thread 0x000001f8ef2f9e30 DEOPT UNPACKING pc=0x000001f8910e3aa2 sp=0x00000057c81f9448 mode 2
Event: 4.070 Thread 0x000001f8ef2f9e30 Uncommon trap: trap_request=0xffffff45 fr.pc=0x000001f89186000c relative=0x00000000000005cc
Event: 4.070 Thread 0x000001f8ef2f9e30 Uncommon trap: reason=unstable_if action=reinterpret pc=0x000001f89186000c method=java.io.BufferedInputStream.implRead([BII)I @ 55 c2
Event: 4.070 Thread 0x000001f8ef2f9e30 DEOPT PACKING pc=0x000001f89186000c sp=0x00000057c81f8f60
Event: 4.070 Thread 0x000001f8ef2f9e30 DEOPT UNPACKING pc=0x000001f8910e3aa2 sp=0x00000057c81f8f38 mode 2
Event: 4.093 Thread 0x000001f8ef2f9e30 Uncommon trap: trap_request=0xffffff45 fr.pc=0x000001f891816664 relative=0x00000000000006c4
Event: 4.093 Thread 0x000001f8ef2f9e30 Uncommon trap: reason=unstable_if action=reinterpret pc=0x000001f891816664 method=java.lang.String.replace(Ljava/lang/CharSequence;Ljava/lang/CharSequence;)Ljava/lang/String; @ 42 c2
Event: 4.093 Thread 0x000001f8ef2f9e30 DEOPT PACKING pc=0x000001f891816664 sp=0x00000057c81f7770
Event: 4.093 Thread 0x000001f8ef2f9e30 DEOPT UNPACKING pc=0x000001f8910e3aa2 sp=0x00000057c81f76f0 mode 2

Classes loaded (18 events):
Event: 0.210 Loading class jdk/internal/vm/PostVMInitHook
Event: 0.210 Loading class jdk/internal/vm/PostVMInitHook done
Event: 0.234 Loading class jdk/internal/event/SecurityProviderServiceEvent
Event: 0.234 Loading class jdk/internal/event/Event
Event: 0.234 Loading class jdk/internal/event/Event done
Event: 0.234 Loading class jdk/internal/event/SecurityProviderServiceEvent done
Event: 0.246 Loading class jdk/internal/event/X509CertificateEvent
Event: 0.246 Loading class jdk/internal/event/X509CertificateEvent done
Event: 1.010 Loading class sun/util/logging/resources/logging_en
Event: 1.010 Loading class sun/util/logging/resources/logging_en done
Event: 1.010 Loading class sun/util/logging/resources/logging_en
Event: 1.010 Loading class sun/util/logging/resources/logging_en done
Event: 1.011 Loading class sun/util/logging/resources/logging_en_US
Event: 1.011 Loading class sun/util/logging/resources/logging_en_US done
Event: 1.011 Loading class sun/util/logging/resources/logging_en_US
Event: 1.011 Loading class sun/util/logging/resources/logging_en_US done
Event: 1.019 Loading class sun/text/resources/cldr/FormatData_en_US
Event: 1.019 Loading class sun/text/resources/cldr/FormatData_en_US done

Classes unloaded (0 events):
No events

Classes redefined (0 events):
No events

Internal exceptions (20 events):
Event: 0.411 Thread 0x000001f8845010b0 Exception <a 'java/lang/NoSuchMethodError'{0x00000007ac125738}: 'java.lang.ClassLoader java.lang.ClassLoader.getPlatformClassLoader(java.lang.Class)'> (0x00000007ac125738) 
thrown [s\src\hotspot\share\interpreter\linkResolver.cpp, line 773]
Event: 0.454 Thread 0x000001f8845010b0 Exception <a 'java/lang/ClassNotFoundException'{0x00000007aac9e698}: sun/net/www/protocol/c/Handler> (0x00000007aac9e698) 
thrown [s\src\hotspot\share\classfile\systemDictionary.cpp, line 313]
Event: 0.454 Thread 0x000001f8845010b0 Exception <a 'java/lang/ClassNotFoundException'{0x00000007aac9fa20}: sun/net/www/protocol/d/Handler> (0x00000007aac9fa20) 
thrown [s\src\hotspot\share\classfile\systemDictionary.cpp, line 313]
Event: 0.455 Thread 0x000001f8845010b0 Exception <a 'java/lang/ClassNotFoundException'{0x00000007aaca0be0}: sun/net/www/protocol/c/Handler> (0x00000007aaca0be0) 
thrown [s\src\hotspot\share\classfile\systemDictionary.cpp, line 313]
Event: 0.460 Thread 0x000001f8845010b0 Exception <a 'java/io/FileNotFoundException'{0x00000007aaccbe38}> (0x00000007aaccbe38) 
thrown [s\src\hotspot\share\prims\jni.cpp, line 520]
Event: 0.488 Thread 0x000001f8845010b0 Implicit null exception at 0x000001f89184f249 to 0x000001f89184fd44
Event: 0.488 Thread 0x000001f8845010b0 Implicit null exception at 0x000001f89183fb9d to 0x000001f89183fdb4
Event: 0.489 Thread 0x000001f8845010b0 Implicit null exception at 0x000001f89184331d to 0x000001f891843534
Event: 0.489 Thread 0x000001f8845010b0 Implicit null exception at 0x000001f89183dbbd to 0x000001f89183dc41
Event: 0.757 Thread 0x000001f8845010b0 Exception <a 'java/lang/IncompatibleClassChangeError'{0x00000007abd34540}: Found class java.lang.Object, but interface was expected> (0x00000007abd34540) 
thrown [s\src\hotspot\share\interpreter\linkResolver.cpp, line 840]
Event: 0.812 Thread 0x000001f8845010b0 Exception <a 'java/lang/ClassNotFoundException'{0x00000007ac194e98}: sun/net/www/protocol/plurl/Handler> (0x00000007ac194e98) 
thrown [s\src\hotspot\share\classfile\systemDictionary.cpp, line 313]
Event: 0.812 Thread 0x000001f8845010b0 Exception <a 'java/lang/ClassNotFoundException'{0x00000007ac195d18}: sun/net/www/protocol/plurl/Handler> (0x00000007ac195d18) 
thrown [s\src\hotspot\share\classfile\systemDictionary.cpp, line 313]
Event: 0.905 Thread 0x000001f8845010b0 Exception <a 'java/lang/UnsatisfiedLinkError'{0x00000007aad81128}: 'void org.eclipse.equinox.launcher.JNIBridge._update_splash()'> (0x00000007aad81128) 
thrown [s\src\hotspot\share\prims\nativeLookup.cpp, line 415]
Event: 0.995 Thread 0x000001f8ef2f9e30 Exception <a 'java/lang/NoClassDefFoundError'{0x00000007ab4898d0}: jakarta/servlet/ServletContainerInitializer> (0x00000007ab4898d0) 
thrown [s\src\hotspot\share\classfile\systemDictionary.cpp, line 302]
Event: 1.010 Thread 0x000001f8ef2f9e30 Exception <a 'java/lang/ClassNotFoundException'{0x00000007ab609c38}: sun/util/logging/resources/spi/loggingProvider> (0x00000007ab609c38) 
thrown [s\src\hotspot\share\classfile\systemDictionary.cpp, line 313]
Event: 3.365 Thread 0x000001f8ef2f9e30 Exception <a 'java/lang/NullPointerException'{0x00000007abeb36b8}> (0x00000007abeb36b8) 
thrown [s\src\hotspot\share\interpreter\linkResolver.cpp, line 1372]
Event: 3.365 Thread 0x000001f8ef2f9e30 Exception <a 'java/lang/NullPointerException'{0x00000007abeb3998}> (0x00000007abeb3998) 
thrown [s\src\hotspot\share\interpreter\linkResolver.cpp, line 1372]
Event: 3.492 Thread 0x000001f8ef2f9e30 Exception <a 'java/io/FileNotFoundException'{0x00000007ab186de0}> (0x00000007ab186de0) 
thrown [s\src\hotspot\share\prims\jni.cpp, line 520]
Event: 3.871 Thread 0x000001f8ef2f9e30 Exception <a 'java/io/FileNotFoundException'{0x00000007ac23ca10}> (0x00000007ac23ca10) 
thrown [s\src\hotspot\share\prims\jni.cpp, line 520]
Event: 3.872 Thread 0x000001f8ef2f9e30 Exception <a 'java/io/FileNotFoundException'{0x00000007ac244500}> (0x00000007ac244500) 
thrown [s\src\hotspot\share\prims\jni.cpp, line 520]

ZGC Phase Switch (0 events):
No events

VM Operations (20 events):
Event: 1.028 Executing non-safepoint VM operation: HandshakeAllThreads (Deoptimize) done
Event: 1.132 Executing safepoint VM operation: ParallelGCFailedAllocation (Allocation Failure)
Event: 1.137 Executing safepoint VM operation: ParallelGCFailedAllocation (Allocation Failure) done
Event: 1.228 Executing non-safepoint VM operation: HandshakeAllThreads (Deoptimize)
Event: 1.228 Executing non-safepoint VM operation: HandshakeAllThreads (Deoptimize) done
Event: 2.242 Executing safepoint VM operation: Cleanup
Event: 2.243 Executing safepoint VM operation: Cleanup done
Event: 3.252 Executing safepoint VM operation: Cleanup
Event: 3.252 Executing safepoint VM operation: Cleanup done
Event: 3.411 Executing safepoint VM operation: ParallelGCFailedAllocation (Allocation Failure)
Event: 3.416 Executing safepoint VM operation: ParallelGCFailedAllocation (Allocation Failure) done
Event: 3.420 Executing non-safepoint VM operation: HandshakeAllThreads (Deoptimize)
Event: 3.420 Executing non-safepoint VM operation: HandshakeAllThreads (Deoptimize) done
Event: 3.791 Executing safepoint VM operation: ICBufferFull
Event: 3.792 Executing safepoint VM operation: ICBufferFull done
Event: 3.880 Executing non-safepoint VM operation: HandshakeAllThreads (Deoptimize)
Event: 3.880 Executing non-safepoint VM operation: HandshakeAllThreads (Deoptimize) done
Event: 3.892 Executing safepoint VM operation: ParallelGCFailedAllocation (Allocation Failure)
Event: 3.895 Executing safepoint VM operation: ParallelGCFailedAllocation (Allocation Failure) done
Event: 4.903 Executing safepoint VM operation: Cleanup

Memory protections (0 events):
No events

Nmethod flushes (0 events):
No events

Events (20 events):
Event: 0.066 Thread 0x000001f8845010b0 Thread added: 0x000001f8a1e4b5b0
Event: 0.066 Thread 0x000001f8845010b0 Thread added: 0x000001f8e8401e50
Event: 0.066 Thread 0x000001f8845010b0 Thread added: 0x000001f8e8402500
Event: 0.088 Thread 0x000001f8e8402500 Thread added: 0x000001f8e85077f0
Event: 0.088 Thread 0x000001f8e8402500 Thread added: 0x000001f8e8507ea0
Event: 0.088 Thread 0x000001f8e8402500 Thread added: 0x000001f8e8508550
Event: 0.093 Thread 0x000001f8e8402500 Thread added: 0x000001f8e8578d50
Event: 0.103 Thread 0x000001f8845010b0 Thread added: 0x000001f8e8690d90
Event: 0.210 Thread 0x000001f8845010b0 Thread added: 0x000001f8ea351cc0
Event: 0.257 Thread 0x000001f8e8402500 Thread added: 0x000001f8ea4525d0
Event: 0.763 Thread 0x000001f8845010b0 Thread added: 0x000001f8ef0c44a0
Event: 0.903 Thread 0x000001f8845010b0 Thread added: 0x000001f8ef0b7a80
Event: 0.931 Thread 0x000001f8ef0b7a80 Thread added: 0x000001f8ea99e5e0
Event: 0.934 Thread 0x000001f8845010b0 Thread added: 0x000001f8ef2f9e30
Event: 1.221 Thread 0x000001f8ef2f9e30 Thread added: 0x000001f8ef4de7e0
Event: 1.484 Thread 0x000001f8ea4525d0 Thread exited: 0x000001f8ea4525d0
Event: 1.484 Thread 0x000001f8e8578d50 Thread exited: 0x000001f8e8578d50
Event: 3.333 Thread 0x000001f8ef2f9e30 Thread added: 0x000001f8ef7c79f0
Event: 3.465 Thread 0x000001f8e8508550 Thread added: 0x000001f8efa38f50
Event: 3.726 Thread 0x000001f8ef2f9e30 Thread added: 0x000001f8ef77c070


Dynamic libraries:
0x00007ff620400000 - 0x00007ff62040e000 	c:\Users\ADMIN\.vscode\extensions\redhat.java-1.56.2026082208-win32-x64\jre\21.0.12-win32-x86_64\bin\java.exe
0x00007ffdbc300000 - 0x00007ffdbc566000 	C:\WINDOWS\SYSTEM32\ntdll.dll
0x00007ffdba9a0000 - 0x00007ffdbaa69000 	C:\WINDOWS\System32\KERNEL32.DLL
0x00007ffdb96d0000 - 0x00007ffdb9acf000 	C:\WINDOWS\System32\KERNELBASE.dll
0x00007ffdb5a90000 - 0x00007ffdb5b2f000 	C:\WINDOWS\SYSTEM32\apphelp.dll
0x00007ffdb9ed0000 - 0x00007ffdba01c000 	C:\WINDOWS\System32\ucrtbase.dll
0x00007ffda0010000 - 0x00007ffda002e000 	c:\Users\ADMIN\.vscode\extensions\redhat.java-1.56.2026082208-win32-x64\jre\21.0.12-win32-x86_64\bin\VCRUNTIME140.dll
0x00007ffda0030000 - 0x00007ffda0048000 	c:\Users\ADMIN\.vscode\extensions\redhat.java-1.56.2026082208-win32-x64\jre\21.0.12-win32-x86_64\bin\jli.dll
0x00007ffdbb700000 - 0x00007ffdbb8c6000 	C:\WINDOWS\System32\USER32.dll
0x00007ffd9c920000 - 0x00007ffd9cbb1000 	C:\WINDOWS\WinSxS\amd64_microsoft.windows.common-controls_6595b64144ccf1df_6.0.26100.8972_none_3e0da176e32f9d4b\COMCTL32.dll
0x00007ffdb9510000 - 0x00007ffdb9537000 	C:\WINDOWS\System32\win32u.dll
0x00007ffdbc0e0000 - 0x00007ffdbc189000 	C:\WINDOWS\System32\msvcrt.dll
0x00007ffdba1e0000 - 0x00007ffdba20b000 	C:\WINDOWS\System32\GDI32.dll
0x00007ffdb9ae0000 - 0x00007ffdb9c09000 	C:\WINDOWS\System32\gdi32full.dll
0x00007ffdb9ca0000 - 0x00007ffdb9d43000 	C:\WINDOWS\System32\msvcp_win.dll
0x00007ffdba3c0000 - 0x00007ffdba3f2000 	C:\WINDOWS\System32\IMM32.DLL
0x00007ffdb5a10000 - 0x00007ffdb5a1c000 	c:\Users\ADMIN\.vscode\extensions\redhat.java-1.56.2026082208-win32-x64\jre\21.0.12-win32-x86_64\bin\vcruntime140_1.dll
0x00007ffd68750000 - 0x00007ffd687dd000 	c:\Users\ADMIN\.vscode\extensions\redhat.java-1.56.2026082208-win32-x64\jre\21.0.12-win32-x86_64\bin\msvcp140.dll
0x00007ffce7580000 - 0x00007ffce8322000 	c:\Users\ADMIN\.vscode\extensions\redhat.java-1.56.2026082208-win32-x64\jre\21.0.12-win32-x86_64\bin\server\jvm.dll
0x00007ffdbaf90000 - 0x00007ffdbb04c000 	C:\WINDOWS\System32\ADVAPI32.dll
0x00007ffdba5f0000 - 0x00007ffdba69a000 	C:\WINDOWS\System32\sechost.dll
0x00007ffdbb5d0000 - 0x00007ffdbb6e8000 	C:\WINDOWS\System32\RPCRT4.dll
0x00007ffdba210000 - 0x00007ffdba292000 	C:\WINDOWS\System32\WS2_32.dll
0x00007ffdb9370000 - 0x00007ffdb93ce000 	C:\WINDOWS\SYSTEM32\POWRPROF.dll
0x00007ffdb7d40000 - 0x00007ffdb7d4b000 	C:\WINDOWS\SYSTEM32\VERSION.dll
0x00007ffdb1880000 - 0x00007ffdb18b6000 	C:\WINDOWS\SYSTEM32\WINMM.dll
0x00007ffdb9350000 - 0x00007ffdb9365000 	C:\WINDOWS\SYSTEM32\UMPDC.dll
0x00007ffdb81c0000 - 0x00007ffdb81db000 	C:\WINDOWS\SYSTEM32\kernel.appcore.dll
0x00007ffda7030000 - 0x00007ffda703a000 	c:\Users\ADMIN\.vscode\extensions\redhat.java-1.56.2026082208-win32-x64\jre\21.0.12-win32-x86_64\bin\jimage.dll
0x00007ffdb66a0000 - 0x00007ffdb68e2000 	C:\WINDOWS\SYSTEM32\DBGHELP.DLL
0x00007ffdbb060000 - 0x00007ffdbb3e5000 	C:\WINDOWS\System32\combase.dll
0x00007ffdba7c0000 - 0x00007ffdba899000 	C:\WINDOWS\System32\OLEAUT32.dll
0x00007ffd9a450000 - 0x00007ffd9a48b000 	C:\WINDOWS\SYSTEM32\dbgcore.DLL
0x00007ffdb9e10000 - 0x00007ffdb9ebc000 	C:\WINDOWS\System32\bcryptPrimitives.dll
0x00007ffda1540000 - 0x00007ffda154f000 	c:\Users\ADMIN\.vscode\extensions\redhat.java-1.56.2026082208-win32-x64\jre\21.0.12-win32-x86_64\bin\instrument.dll
0x00007ffd9ffa0000 - 0x00007ffd9ffc0000 	c:\Users\ADMIN\.vscode\extensions\redhat.java-1.56.2026082208-win32-x64\jre\21.0.12-win32-x86_64\bin\java.dll
0x00007ffdbb950000 - 0x00007ffdbc0d8000 	C:\WINDOWS\System32\SHELL32.dll
0x00007ffdb6ce0000 - 0x00007ffdb757b000 	C:\WINDOWS\SYSTEM32\windows.storage.dll
0x00007ffdba8a0000 - 0x00007ffdba999000 	C:\WINDOWS\System32\SHCORE.dll
0x00007ffdbc190000 - 0x00007ffdbc1f6000 	C:\WINDOWS\System32\shlwapi.dll
0x00007ffdb9430000 - 0x00007ffdb9459000 	C:\WINDOWS\SYSTEM32\profapi.dll
0x00007ffd9ff70000 - 0x00007ffd9ff88000 	c:\Users\ADMIN\.vscode\extensions\redhat.java-1.56.2026082208-win32-x64\jre\21.0.12-win32-x86_64\bin\zip.dll
0x00007ffda1250000 - 0x00007ffda1260000 	C:\Users\ADMIN\.vscode\extensions\redhat.java-1.56.2026082208-win32-x64\jre\21.0.12-win32-x86_64\bin\net.dll
0x00007ffdb2910000 - 0x00007ffdb2a38000 	C:\WINDOWS\SYSTEM32\WINHTTP.dll
0x00007ffdb8750000 - 0x00007ffdb87bc000 	C:\WINDOWS\system32\mswsock.dll
0x00007ffda10b0000 - 0x00007ffda10c6000 	C:\Users\ADMIN\.vscode\extensions\redhat.java-1.56.2026082208-win32-x64\jre\21.0.12-win32-x86_64\bin\nio.dll
0x00007ffda10a0000 - 0x00007ffda10b0000 	c:\Users\ADMIN\.vscode\extensions\redhat.java-1.56.2026082208-win32-x64\jre\21.0.12-win32-x86_64\bin\verify.dll
0x00007ffd7c040000 - 0x00007ffd7c085000 	C:\Users\ADMIN\AppData\Roaming\Code\User\globalStorage\redhat.java\1.56.2026082208\config_win\org.eclipse.equinox.launcher\org.eclipse.equinox.launcher.win32.win32.x86_64_1.3.100.v20260804-1928\eclipse_11924.dll
0x00007ffdba030000 - 0x00007ffdba1c9000 	C:\WINDOWS\System32\ole32.dll
0x00007ffdb8b70000 - 0x00007ffdb8b8b000 	C:\WINDOWS\SYSTEM32\CRYPTSP.dll
0x00007ffdb8120000 - 0x00007ffdb8159000 	C:\WINDOWS\system32\rsaenh.dll
0x00007ffdb8800000 - 0x00007ffdb8832000 	C:\WINDOWS\SYSTEM32\USERENV.dll
0x00007ffdb9400000 - 0x00007ffdb942a000 	C:\WINDOWS\SYSTEM32\bcrypt.dll
0x00007ffdb89b0000 - 0x00007ffdb89bc000 	C:\WINDOWS\SYSTEM32\CRYPTBASE.dll
0x00007ffdb79e0000 - 0x00007ffdb7a13000 	C:\WINDOWS\SYSTEM32\IPHLPAPI.DLL
0x00007ffdba400000 - 0x00007ffdba40a000 	C:\WINDOWS\System32\NSI.dll

JVMTI agents:
c:\Users\ADMIN\.vscode\extensions\redhat.java-1.56.2026082208-win32-x64\lombok\lombok-1.18.39-4050.jar path:c:\Users\ADMIN\.vscode\extensions\redhat.java-1.56.2026082208-win32-x64\jre\21.0.12-win32-x86_64\bin\instrument.dll, loaded, initialized, instrumentlib options:none

dbghelp: loaded successfully - version: 4.0.5 - missing functions: none
symbol engine: initialized successfully - sym options: 0x614 - pdb path: .;c:\Users\ADMIN\.vscode\extensions\redhat.java-1.56.2026082208-win32-x64\jre\21.0.12-win32-x86_64\bin;C:\WINDOWS\SYSTEM32;C:\WINDOWS\WinSxS\amd64_microsoft.windows.common-controls_6595b64144ccf1df_6.0.26100.8972_none_3e0da176e32f9d4b;c:\Users\ADMIN\.vscode\extensions\redhat.java-1.56.2026082208-win32-x64\jre\21.0.12-win32-x86_64\bin\server;C:\Users\ADMIN\AppData\Roaming\Code\User\globalStorage\redhat.java\1.56.2026082208\config_win\org.eclipse.equinox.launcher\org.eclipse.equinox.launcher.win32.win32.x86_64_1.3.100.v20260804-1928

VM Arguments:
jvm_args: --add-modules=ALL-SYSTEM --add-opens=java.base/java.util=ALL-UNNAMED --add-opens=java.base/java.lang=ALL-UNNAMED --add-opens=java.base/sun.nio.fs=ALL-UNNAMED -Declipse.application=org.eclipse.jdt.ls.core.id1 -Dosgi.bundles.defaultStartLevel=4 -Declipse.product=org.eclipse.jdt.ls.core.product -Djava.import.generatesMetadataFilesAtProjectRoot=false -DDetectVMInstallationsJob.disabled=true -Dfile.encoding=utf8 -XX:+UseParallelGC -XX:GCTimeRatio=4 -XX:AdaptiveSizePolicyWeight=90 -Dsun.zip.disableMemoryMapping=true -Xmx4G -Xms100m -Xlog:disable -javaagent:c:\Users\ADMIN\.vscode\extensions\redhat.java-1.56.2026082208-win32-x64\lombok\lombok-1.18.39-4050.jar -XX:+HeapDumpOnOutOfMemoryError -XX:HeapDumpPath=c:\Users\ADMIN\AppData\Roaming\Code\User\workspaceStorage\74c38ed8cea7b21c80b73b3ec623b894\redhat.java -Daether.dependencyCollector.impl=bf -XX:+UnlockDiagnosticVMOptions -XX:+AllowArchivingWithJavaAgent -XX:+AutoCreateSharedArchive -XX:SharedArchiveFile=c:\Users\ADMIN\AppData\Roaming\Code\User\globalStorage\redhat.java\1.56.2026082208\jdtls.jsa 
java_command: c:\Users\ADMIN\.vscode\extensions\redhat.java-1.56.2026082208-win32-x64\server\plugins\org.eclipse.equinox.launcher_1.8.0.v20260804-1928.jar -configuration c:\Users\ADMIN\AppData\Roaming\Code\User\globalStorage\redhat.java\1.56.2026082208\config_win -data c:\Users\ADMIN\AppData\Roaming\Code\User\workspaceStorage\74c38ed8cea7b21c80b73b3ec623b894\redhat.java\jdt_ws --stdio
java_class_path (initial): c:\Users\ADMIN\.vscode\extensions\redhat.java-1.56.2026082208-win32-x64\server\plugins\org.eclipse.equinox.launcher_1.8.0.v20260804-1928.jar
Launcher Type: SUN_STANDARD

[Global flags]
    uintx AdaptiveSizePolicyWeight                 = 90                                        {product} {command line}
     bool AllowArchivingWithJavaAgent              = true                             {JVMCI diagnostic} {command line}
     bool AutoCreateSharedArchive                  = false                               {JVMCI product} {command line}
     intx CICompilerCount                          = 12                                        {product} {ergonomic}
    uintx GCTimeRatio                              = 4                                         {product} {command line}
     bool HeapDumpOnOutOfMemoryError               = true                                   {manageable} {command line}
    ccstr HeapDumpPath                             = c:\Users\ADMIN\AppData\Roaming\Code\User\workspaceStorage\74c38ed8cea7b21c80b73b3ec623b894\redhat.java         {manageable} {command line}
   size_t InitialHeapSize                          = 104857600                                 {product} {command line}
   size_t MaxHeapSize                              = 4294967296                                {product} {command line}
   size_t MaxNewSize                               = 1431306240                                {product} {ergonomic}
   size_t MinHeapDeltaBytes                        = 524288                                    {product} {ergonomic}
   size_t MinHeapSize                              = 104857600                                 {product} {command line}
   size_t NewSize                                  = 34603008                                  {product} {ergonomic}
    uintx NonNMethodCodeHeapSize                   = 7602480                                {pd product} {ergonomic}
    uintx NonProfiledCodeHeapSize                  = 122027880                              {pd product} {ergonomic}
   size_t OldSize                                  = 70254592                                  {product} {ergonomic}
    uintx ProfiledCodeHeapSize                     = 122027880                              {pd product} {ergonomic}
    uintx ReservedCodeCacheSize                    = 251658240                              {pd product} {ergonomic}
     bool SegmentedCodeCache                       = true                                      {product} {ergonomic}
    ccstr SharedArchiveFile                        = c:\Users\ADMIN\AppData\Roaming\Code\User\globalStorage\redhat.java\1.56.2026082208\jdtls.jsa      {JVMCI product} {command line}
   size_t SoftMaxHeapSize                          = 4294967296                             {manageable} {ergonomic}
     bool UnlockDiagnosticVMOptions                = true                                   {diagnostic} {command line}
     bool UseCompressedOops                        = true                           {product lp64_product} {ergonomic}
     bool UseLargePagesIndividualAllocation        = false                                  {pd product} {ergonomic}
     bool UseParallelGC                            = true                                      {product} {command line}

Logging:
Log output configuration:
 #0: stdout all=off uptime,level,tags foldmultilines=false
 #1: stderr all=off uptime,level,tags foldmultilines=false

Release file:
JAVA_VERSION="21.0.12" 
MODULES="java.base java.compiler java.datatransfer java.xml java.prefs java.desktop java.instrument java.logging java.management java.security.sasl java.naming java.rmi java.management.rmi java.net.http java.scripting java.security.jgss java.transaction.xa java.sql java.sql.rowset java.xml.crypto java.se java.smartcardio jdk.accessibility jdk.internal.jvmstat jdk.attach jdk.charsets jdk.internal.opt jdk.zipfs jdk.compiler jdk.crypto.ec jdk.crypto.cryptoki jdk.crypto.mscapi jdk.dynalink jdk.internal.ed jdk.editpad jdk.hotspot.agent jdk.httpserver jdk.internal.le jdk.internal.vm.ci jdk.internal.vm.compiler jdk.internal.vm.compiler.management jdk.jartool jdk.javadoc jdk.jcmd jdk.management jdk.management.agent jdk.jconsole jdk.jdeps jdk.jdwp.agent jdk.jdi jdk.jfr jdk.jshell jdk.jsobject jdk.jstatd jdk.localedata jdk.management.jfr jdk.naming.dns jdk.naming.rmi jdk.net jdk.nio.mapmode jdk.random jdk.sctp jdk.security.auth jdk.security.jgss jdk.unsupported jdk.unsupported.desktop jdk.xml.dom" 

Environment Variables:
JAVA_HOME=C:\Program Files\Java\jdk-21.0.10
PATH=C:\Program Files\Common Files\Oracle\Java\javapath;D:\app\oracle\dbhomeFree\bin;C:\WINDOWS\system32;C:\WINDOWS;C:\WINDOWS\System32\Wbem;C:\WINDOWS\System32\WindowsPowerShell\v1.0\;C:\WINDOWS\System32\OpenSSH\;C:\apache-maven-3.9.8\bin;C:\Program Files\Java\jdk-21.0.10\bin;C:\xampp\php;C:\Program Files\dotnet\;C:\Program Files\Git\cmd;C:\Program Files\Git\mingw64\bin;C:\Program Files\Git\usr\bin;C:\Program Files\nodejs\;C:\composer;C:\Program Files (x86)\Pulse Secure\VC142.CRT\X64\;C:\Program Files (x86)\Pulse Secure\VC142.CRT\X86\;C:\Program Files (x86)\Common Files\Pulse Secure\TNC Client Plugin\;c:\Users\ADMIN\AppData\Local\Programs\cursor\resources\app\bin;C:\Program Files\cursor\resources\app\bin;C:\Users\ADMIN\AppData\Local\Programs\Python\Python313\Scripts\;C:\Users\ADMIN\AppData\Local\Programs\Python\Python313\;C:\Users\ADMIN\AppData\Local\Microsoft\WindowsApps;C:\Users\ADMIN\AppData\Local\Programs\Microsoft VS Code\bin;C:\Program Files\JetBrains\IntelliJ IDEA 2022.2\bin;;C:\Program Files\JetBrains\IntelliJ IDEA Community Edition 2023.3.6\bin;;C:\Users\ADMIN\AppData\Roaming\npm;C:\Users\ADMIN\AppData\Roaming\Composer\vendor\bin;C:\Users\ADMIN\AppData\Local\Programs\cursor\resources\app\bin;C:\msys64\ucrt64\bin;C:\Users\ADMIN\AppData\Local\PowerToys\;C:\Antigravity\bin;C:\Users\ADMIN\tools\apache-maven-3.9.14\bin
USERNAME=haMinhThuy
OS=Windows_NT
PROCESSOR_IDENTIFIER=Intel64 Family 6 Model 186 Stepping 2, GenuineIntel
TMP=C:\Users\ADMIN\AppData\Local\Temp
TEMP=C:\Users\ADMIN\AppData\Local\Temp




Periodic native trim disabled

---------------  S Y S T E M  ---------------

OS:
 Windows 11 , 64 bit Build 26100 (10.0.26100.9168)
OS uptime: 0 days 16:21 hours
Hyper-V role detected

CPU: total 20 (initial active 20) (10 cores per cpu, 2 threads per core) family 6 model 186 stepping 2 microcode 0x410e, cx8, cmov, fxsr, ht, mmx, 3dnowpref, sse, sse2, sse3, ssse3, sse4.1, sse4.2, popcnt, lzcnt, tsc, tscinvbit, avx, avx2, aes, erms, clmul, bmi1, bmi2, adx, sha, fma, vzeroupper, clflush, clflushopt, clwb, hv, serialize, rdtscp, rdpid, fsrm, f16c, cet_ibt, cet_ss
Processor Information for processor 0
  Max Mhz: 2400, Current Mhz: 2400, Mhz Limit: 2400
Processor Information for processor 1
  Max Mhz: 2400, Current Mhz: 2400, Mhz Limit: 2400
Processor Information for processor 2
  Max Mhz: 2400, Current Mhz: 2400, Mhz Limit: 2400
Processor Information for processor 3
  Max Mhz: 2400, Current Mhz: 2400, Mhz Limit: 2400
Processor Information for processor 4
  Max Mhz: 2400, Current Mhz: 2400, Mhz Limit: 2400
Processor Information for processor 5
  Max Mhz: 2400, Current Mhz: 2400, Mhz Limit: 2400
Processor Information for processor 6
  Max Mhz: 2400, Current Mhz: 2400, Mhz Limit: 2400
Processor Information for processor 7
  Max Mhz: 2400, Current Mhz: 2400, Mhz Limit: 2400
Processor Information for processor 8
  Max Mhz: 2400, Current Mhz: 2400, Mhz Limit: 2400
Processor Information for processor 9
  Max Mhz: 2400, Current Mhz: 2400, Mhz Limit: 2400
Processor Information for processor 10
  Max Mhz: 2400, Current Mhz: 2400, Mhz Limit: 2400
Processor Information for processor 11
  Max Mhz: 2400, Current Mhz: 2400, Mhz Limit: 2400
Processor Information for processor 12
  Max Mhz: 2400, Current Mhz: 2400, Mhz Limit: 2400
Processor Information for processor 13
  Max Mhz: 2400, Current Mhz: 2400, Mhz Limit: 2400
Processor Information for processor 14
  Max Mhz: 2400, Current Mhz: 1466, Mhz Limit: 2400
Processor Information for processor 15
  Max Mhz: 2400, Current Mhz: 1466, Mhz Limit: 2400
Processor Information for processor 16
  Max Mhz: 2400, Current Mhz: 2400, Mhz Limit: 2400
Processor Information for processor 17
  Max Mhz: 2400, Current Mhz: 1466, Mhz Limit: 2400
Processor Information for processor 18
  Max Mhz: 2400, Current Mhz: 2400, Mhz Limit: 2400
Processor Information for processor 19
  Max Mhz: 2400, Current Mhz: 1466, Mhz Limit: 2400

Memory: 4k page, system-wide physical 15991M (500M free)
TotalPageFile size 41609M (AvailPageFile size 2M)
current process WorkingSet (physical memory assigned to process): 181M, peak: 183M
current process commit charge ("private bytes"): 411M, peak: 412M

vm_info: OpenJDK 64-Bit Server VM (21.0.12+8-LTS) for windows-amd64 JRE (21.0.12+8-LTS), built on 2026-07-21T00:00:00Z by "admin" with MS VC++ 17.12 (VS2022)

END.
