2026-08-06 04:25:17.813 WARN  [o.s.b.w.s.c.AnnotationConfigServletWebServerApplicationContext] Exception encountered during context initialization - cancelling refresh attempt: org.springframework.beans.factory.UnsatisfiedDependencyException: Error creating bean with name 'arAttendanceSearchController': Unsatisfied dependency expressed through field 'service': Error creating bean with name 'arAttendanceSearchServiceImpl': Unsatisfied dependency expressed through field 'mapper': Error creating bean with name 'arAttendanceSearchMapper' defined in file [D:\Java\WorkSpace\New_HR\HVV-VHR\src\main\webapp\WEB-INF\classes\com\ait\ar\attendanceMintenance\mapper\ArAttendanceSearchMapper.class]: Unsatisfied dependency expressed through bean property 'sqlSessionFactory': Error creating bean with name 'myBatisConfig': Unsatisfied dependency expressed through field 'dataSource': Error creating bean with name 'dataSource' defined in class path resource [com/ait/config/DataSourceConfig.class]: Failed to instantiate [javax.sql.DataSource]: Factory method 'dataSource' threw exception with message: Failed to initialize pool: ORA-12514: Cannot connect to database. Service orcl is not registered with the listener at host localhost port 1521. (CONNECTION_ID=+mURygANRFCpHpkF/D3fOA==)
https://docs.oracle.com/error-help/db/ora-12514/
2026-08-06 04:25:17.891 ERROR [o.s.boot.SpringApplication] Application run failed
Caused by: oracle.net.ns.NetException: ORA-12514: Cannot connect to database. Service orcl is not registered with the listener at host localhost port 1521. (CONNECTION_ID=+mURygANRFCpHpkF/D3fOA==)
https://docs.oracle.com/error-help/db/ora-12514/
	at at oracle.net.ns.NSProtocolNIO.createRefusePacketException(NSProtocolNIO.java:916)
Caused by: java.sql.SQLRecoverableException: ORA-12514: Cannot connect to database. Service orcl is not registered with the listener at host localhost port 1521. (CONNECTION_ID=+mURygANRFCpHpkF/D3fOA==)
https://docs.oracle.com/error-help/db/ora-12514/
	at at oracle.jdbc.driver.T4CConnection.handleLogonNetException(T4CConnection.java:1853)
Caused by: com.zaxxer.hikari.pool.HikariPool$PoolInitializationException: Failed to initialize pool: ORA-12514: Cannot connect to database. Service orcl is not registered with the listener at host localhost port 1521. (CONNECTION_ID=+mURygANRFCpHpkF/D3fOA==)
https://docs.oracle.com/error-help/db/ora-12514/
	at at com.zaxxer.hikari.pool.HikariPool.throwPoolInitializationException(HikariPool.java:610)
Caused by: org.springframework.beans.BeanInstantiationException: Failed to instantiate [javax.sql.DataSource]: Factory method 'dataSource' threw exception with message: Failed to initialize pool: ORA-12514: Cannot connect to database. Service orcl is not registered with the listener at host localhost port 1521. (CONNECTION_ID=+mURygANRFCpHpkF/D3fOA==)
https://docs.oracle.com/error-help/db/ora-12514/
	at at org.springframework.beans.factory.support.SimpleInstantiationStrategy.lambda$instantiate$0(SimpleInstantiationStrategy.java:200)
Caused by: org.springframework.beans.factory.BeanCreationException: Error creating bean with name 'dataSource' defined in class path resource [com/ait/config/DataSourceConfig.class]: Failed to instantiate [javax.sql.DataSource]: Factory method 'dataSource' threw exception with message: Failed to initialize pool: ORA-12514: Cannot connect to database. Service orcl is not registered with the listener at host localhost port 1521. (CONNECTION_ID=+mURygANRFCpHpkF/D3fOA==)
https://docs.oracle.com/error-help/db/ora-12514/
	at at org.springframework.beans.factory.support.ConstructorResolver.instantiate(ConstructorResolver.java:657)
Caused by: org.springframework.beans.factory.UnsatisfiedDependencyException: Error creating bean with name 'myBatisConfig': Unsatisfied dependency expressed through field 'dataSource': Error creating bean with name 'dataSource' defined in class path resource [com/ait/config/DataSourceConfig.class]: Failed to instantiate [javax.sql.DataSource]: Factory method 'dataSource' threw exception with message: Failed to initialize pool: ORA-12514: Cannot connect to database. Service orcl is not registered with the listener at host localhost port 1521. (CONNECTION_ID=+mURygANRFCpHpkF/D3fOA==)
https://docs.oracle.com/error-help/db/ora-12514/
	at at org.springframework.beans.factory.annotation.AutowiredAnnotationBeanPostProcessor$AutowiredFieldElement.resolveFieldValue(AutowiredAnnotationBeanPostProcessor.java:788)
Caused by: org.springframework.beans.factory.UnsatisfiedDependencyException: Error creating bean with name 'arAttendanceSearchMapper' defined in file [D:\Java\WorkSpace\New_HR\HVV-VHR\src\main\webapp\WEB-INF\classes\com\ait\ar\attendanceMintenance\mapper\ArAttendanceSearchMapper.class]: Unsatisfied dependency expressed through bean property 'sqlSessionFactory': Error creating bean with name 'myBatisConfig': Unsatisfied dependency expressed through field 'dataSource': Error creating bean with name 'dataSource' defined in class path resource [com/ait/config/DataSourceConfig.class]: Failed to instantiate [javax.sql.DataSource]: Factory method 'dataSource' threw exception with message: Failed to initialize pool: ORA-12514: Cannot connect to database. Service orcl is not registered with the listener at host localhost port 1521. (CONNECTION_ID=+mURygANRFCpHpkF/D3fOA==)
https://docs.oracle.com/error-help/db/ora-12514/
	at at org.springframework.beans.factory.support.AbstractAutowireCapableBeanFactory.autowireByType(AbstractAutowireCapableBeanFactory.java:1556)
Caused by: org.springframework.beans.factory.UnsatisfiedDependencyException: Error creating bean with name 'arAttendanceSearchServiceImpl': Unsatisfied dependency expressed through field 'mapper': Error creating bean with name 'arAttendanceSearchMapper' defined in file [D:\Java\WorkSpace\New_HR\HVV-VHR\src\main\webapp\WEB-INF\classes\com\ait\ar\attendanceMintenance\mapper\ArAttendanceSearchMapper.class]: Unsatisfied dependency expressed through bean property 'sqlSessionFactory': Error creating bean with name 'myBatisConfig': Unsatisfied dependency expressed through field 'dataSource': Error creating bean with name 'dataSource' defined in class path resource [com/ait/config/DataSourceConfig.class]: Failed to instantiate [javax.sql.DataSource]: Factory method 'dataSource' threw exception with message: Failed to initialize pool: ORA-12514: Cannot connect to database. Service orcl is not registered with the listener at host localhost port 1521. (CONNECTION_ID=+mURygANRFCpHpkF/D3fOA==)
https://docs.oracle.com/error-help/db/ora-12514/
	at at org.springframework.beans.factory.annotation.AutowiredAnnotationBeanPostProcessor$AutowiredFieldElement.resolveFieldValue(AutowiredAnnotationBeanPostProcessor.java:788)
org.springframework.beans.factory.UnsatisfiedDependencyException: Error creating bean with name 'arAttendanceSearchController': Unsatisfied dependency expressed through field 'service': Error creating bean with name 'arAttendanceSearchServiceImpl': Unsatisfied dependency expressed through field 'mapper': Error creating bean with name 'arAttendanceSearchMapper' defined in file [D:\Java\WorkSpace\New_HR\HVV-VHR\src\main\webapp\WEB-INF\classes\com\ait\ar\attendanceMintenance\mapper\ArAttendanceSearchMapper.class]: Unsatisfied dependency expressed through bean property 'sqlSessionFactory': Error creating bean with name 'myBatisConfig': Unsatisfied dependency expressed through field 'dataSource': Error creating bean with name 'dataSource' defined in class path resource [com/ait/config/DataSourceConfig.class]: Failed to instantiate [javax.sql.DataSource]: Factory method 'dataSource' threw exception with message: Failed to initialize pool: ORA-12514: Cannot connect to database. Service orcl is not registered with the listener at host localhost port 1521. (CONNECTION_ID=+mURygANRFCpHpkF/D3fOA==)
https://docs.oracle.com/error-help/db/ora-12514/
	at at org.springframework.beans.factory.annotation.AutowiredAnnotationBeanPostProcessor$AutowiredFieldElement.resolveFieldValue(AutowiredAnnotationBeanPostProcessor.java:788)
2026-08-06 05:19:18.452 WARN  [o.s.b.a.s.s.UserDetailsServiceAutoConfiguration] 

Using generated security password: 591ba553-beaf-4f42-9d3c-8be9afaa472d

This generated password is for development use only. Your security configuration must be updated before running your application in production.

2026-08-06 05:20:20.069 WARN  [i.m.c.instrument.MeterRegistry] This Gauge has been already registered (MeterId{name='system.memory.usage.percent', tags=[]}), the registration will be ignored. Note that subsequent logs will be logged at debug level.
2026-08-06 10:52:01.341 WARN  [o.s.b.a.s.s.UserDetailsServiceAutoConfiguration] 

Using generated security password: c4a737b5-4f7e-4e75-ac27-935774f9e9f8

This generated password is for development use only. Your security configuration must be updated before running your application in production.

2026-08-06 10:53:01.988 WARN  [i.m.c.instrument.MeterRegistry] This Gauge has been already registered (MeterId{name='system.memory.usage.percent', tags=[]}), the registration will be ignored. Note that subsequent logs will be logged at debug level.
2026-08-06 10:54:48.758 ERROR [c.a.c.GlobalApiExceptionHandler] Unhandled exception for uri=/login
org.springframework.web.HttpRequestMethodNotSupportedException: Request method 'GET' is not supported
	at at org.springframework.web.servlet.mvc.method.RequestMappingInfoHandlerMapping.handleNoMatch(RequestMappingInfoHandlerMapping.java:267)
2026-08-06 10:54:48.786 WARN  [o.s.w.s.m.m.a.ExceptionHandlerExceptionResolver] Resolved [org.springframework.web.HttpRequestMethodNotSupportedException: Request method 'GET' is not supported]
2026-08-06 10:54:50.731 WARN  [o.s.w.s.m.m.a.ExceptionHandlerExceptionResolver] Resolved [org.springframework.web.servlet.resource.NoResourceFoundException: No static resource avatar-7.jpg.]
2026-08-06 10:54:50.731 WARN  [o.s.w.s.m.m.a.ExceptionHandlerExceptionResolver] Resolved [org.springframework.web.servlet.resource.NoResourceFoundException: No static resource dummy-avatar.jpg.]
2026-08-06 10:54:51.052 WARN  [o.s.w.s.m.m.a.ExceptionHandlerExceptionResolver] Resolved [org.springframework.web.servlet.resource.NoResourceFoundException: No static resource avatar-6.jpg.]
2026-08-06 10:54:51.199 WARN  [o.s.w.s.m.m.a.ExceptionHandlerExceptionResolver] Resolved [org.springframework.web.servlet.resource.NoResourceFoundException: No static resource webfonts/fa-solid-900.woff2.]
2026-08-06 10:54:51.266 WARN  [o.s.w.s.m.m.a.ExceptionHandlerExceptionResolver] Resolved [org.springframework.web.servlet.resource.NoResourceFoundException: No static resource webfonts/fa-solid-900.ttf.]
2026-08-06 10:54:51.407 ERROR [c.a.c.GlobalApiExceptionHandler] Unhandled exception for uri=/login
org.springframework.web.HttpRequestMethodNotSupportedException: Request method 'GET' is not supported
	at at org.springframework.web.servlet.mvc.method.RequestMappingInfoHandlerMapping.handleNoMatch(RequestMappingInfoHandlerMapping.java:267)
2026-08-06 10:54:51.410 WARN  [o.s.w.s.m.m.a.ExceptionHandlerExceptionResolver] Resolved [org.springframework.web.HttpRequestMethodNotSupportedException: Request method 'GET' is not supported]
2026-08-06 10:54:51.526 ERROR [c.a.c.GlobalApiExceptionHandler] Unhandled exception for uri=/login
org.springframework.web.HttpRequestMethodNotSupportedException: Request method 'GET' is not supported
	at at org.springframework.web.servlet.mvc.method.RequestMappingInfoHandlerMapping.handleNoMatch(RequestMappingInfoHandlerMapping.java:267)
2026-08-06 10:54:51.527 WARN  [o.s.w.s.m.m.a.ExceptionHandlerExceptionResolver] Resolved [org.springframework.web.HttpRequestMethodNotSupportedException: Request method 'GET' is not supported]
2026-08-06 10:54:55.928 ERROR [c.a.c.GlobalApiExceptionHandler] Unhandled exception for uri=/login
org.springframework.web.HttpRequestMethodNotSupportedException: Request method 'GET' is not supported
	at at org.springframework.web.servlet.mvc.method.RequestMappingInfoHandlerMapping.handleNoMatch(RequestMappingInfoHandlerMapping.java:267)
2026-08-06 10:54:55.930 WARN  [o.s.w.s.m.m.a.ExceptionHandlerExceptionResolver] Resolved [org.springframework.web.HttpRequestMethodNotSupportedException: Request method 'GET' is not supported]
2026-08-06 10:54:56.251 WARN  [o.s.w.s.m.m.a.ExceptionHandlerExceptionResolver] Resolved [org.springframework.web.servlet.resource.NoResourceFoundException: No static resource avatar-7.jpg.]
2026-08-06 10:54:56.251 WARN  [o.s.w.s.m.m.a.ExceptionHandlerExceptionResolver] Resolved [org.springframework.web.servlet.resource.NoResourceFoundException: No static resource dummy-avatar.jpg.]
2026-08-06 10:54:56.306 WARN  [o.s.w.s.m.m.a.ExceptionHandlerExceptionResolver] Resolved [org.springframework.web.servlet.resource.NoResourceFoundException: No static resource avatar-6.jpg.]
2026-08-06 10:54:56.312 WARN  [o.s.w.s.m.m.a.ExceptionHandlerExceptionResolver] Resolved [org.springframework.web.servlet.resource.NoResourceFoundException: No static resource webfonts/fa-solid-900.woff2.]
2026-08-06 10:54:56.448 WARN  [o.s.w.s.m.m.a.ExceptionHandlerExceptionResolver] Resolved [org.springframework.web.servlet.resource.NoResourceFoundException: No static resource webfonts/fa-solid-900.ttf.]
2026-08-06 10:54:56.743 ERROR [c.a.c.GlobalApiExceptionHandler] Unhandled exception for uri=/login
org.springframework.web.HttpRequestMethodNotSupportedException: Request method 'GET' is not supported
	at at org.springframework.web.servlet.mvc.method.RequestMappingInfoHandlerMapping.handleNoMatch(RequestMappingInfoHandlerMapping.java:267)
2026-08-06 10:54:56.745 WARN  [o.s.w.s.m.m.a.ExceptionHandlerExceptionResolver] Resolved [org.springframework.web.HttpRequestMethodNotSupportedException: Request method 'GET' is not supported]
2026-08-06 10:54:56.785 ERROR [c.a.c.GlobalApiExceptionHandler] Unhandled exception for uri=/login
org.springframework.web.HttpRequestMethodNotSupportedException: Request method 'GET' is not supported
	at at org.springframework.web.servlet.mvc.method.RequestMappingInfoHandlerMapping.handleNoMatch(RequestMappingInfoHandlerMapping.java:267)
2026-08-06 10:54:56.786 WARN  [o.s.w.s.m.m.a.ExceptionHandlerExceptionResolver] Resolved [org.springframework.web.HttpRequestMethodNotSupportedException: Request method 'GET' is not supported]
2026-08-06 10:54:58.281 ERROR [c.a.c.GlobalApiExceptionHandler] Unhandled exception for uri=/login
org.springframework.web.HttpRequestMethodNotSupportedException: Request method 'GET' is not supported
	at at org.springframework.web.servlet.mvc.method.RequestMappingInfoHandlerMapping.handleNoMatch(RequestMappingInfoHandlerMapping.java:267)
2026-08-06 10:54:58.282 WARN  [o.s.w.s.m.m.a.ExceptionHandlerExceptionResolver] Resolved [org.springframework.web.HttpRequestMethodNotSupportedException: Request method 'GET' is not supported]
2026-08-06 10:54:58.445 WARN  [o.s.w.s.m.m.a.ExceptionHandlerExceptionResolver] Resolved [org.springframework.web.servlet.resource.NoResourceFoundException: No static resource dummy-avatar.jpg.]
2026-08-06 10:54:58.447 WARN  [o.s.w.s.m.m.a.ExceptionHandlerExceptionResolver] Resolved [org.springframework.web.servlet.resource.NoResourceFoundException: No static resource avatar-7.jpg.]
2026-08-06 10:54:58.515 WARN  [o.s.w.s.m.m.a.ExceptionHandlerExceptionResolver] Resolved [org.springframework.web.servlet.resource.NoResourceFoundException: No static resource webfonts/fa-solid-900.woff2.]
2026-08-06 10:54:58.528 WARN  [o.s.w.s.m.m.a.ExceptionHandlerExceptionResolver] Resolved [org.springframework.web.servlet.resource.NoResourceFoundException: No static resource avatar-6.jpg.]
2026-08-06 10:54:58.551 WARN  [o.s.w.s.m.m.a.ExceptionHandlerExceptionResolver] Resolved [org.springframework.web.servlet.resource.NoResourceFoundException: No static resource webfonts/fa-solid-900.ttf.]
2026-08-06 10:54:58.820 ERROR [c.a.c.GlobalApiExceptionHandler] Unhandled exception for uri=/login
org.springframework.web.HttpRequestMethodNotSupportedException: Request method 'GET' is not supported
	at at org.springframework.web.servlet.mvc.method.RequestMappingInfoHandlerMapping.handleNoMatch(RequestMappingInfoHandlerMapping.java:267)
2026-08-06 10:54:58.821 WARN  [o.s.w.s.m.m.a.ExceptionHandlerExceptionResolver] Resolved [org.springframework.web.HttpRequestMethodNotSupportedException: Request method 'GET' is not supported]
2026-08-06 10:54:58.884 ERROR [c.a.c.GlobalApiExceptionHandler] Unhandled exception for uri=/login
org.springframework.web.HttpRequestMethodNotSupportedException: Request method 'GET' is not supported
	at at org.springframework.web.servlet.mvc.method.RequestMappingInfoHandlerMapping.handleNoMatch(RequestMappingInfoHandlerMapping.java:267)
2026-08-06 10:54:58.895 WARN  [o.s.w.s.m.m.a.ExceptionHandlerExceptionResolver] Resolved [org.springframework.web.HttpRequestMethodNotSupportedException: Request method 'GET' is not supported]
2026-08-06 10:55:02.051 ERROR [c.a.c.GlobalApiExceptionHandler] Unhandled exception for uri=/login
org.springframework.web.HttpRequestMethodNotSupportedException: Request method 'GET' is not supported
	at at org.springframework.web.servlet.mvc.method.RequestMappingInfoHandlerMapping.handleNoMatch(RequestMappingInfoHandlerMapping.java:267)
2026-08-06 10:55:02.054 WARN  [o.s.w.s.m.m.a.ExceptionHandlerExceptionResolver] Resolved [org.springframework.web.HttpRequestMethodNotSupportedException: Request method 'GET' is not supported]
2026-08-06 10:55:02.221 WARN  [o.s.w.s.m.m.a.ExceptionHandlerExceptionResolver] Resolved [org.springframework.web.servlet.resource.NoResourceFoundException: No static resource dummy-avatar.jpg.]
2026-08-06 10:55:02.223 WARN  [o.s.w.s.m.m.a.ExceptionHandlerExceptionResolver] Resolved [org.springframework.web.servlet.resource.NoResourceFoundException: No static resource avatar-7.jpg.]
2026-08-06 10:55:02.284 WARN  [o.s.w.s.m.m.a.ExceptionHandlerExceptionResolver] Resolved [org.springframework.web.servlet.resource.NoResourceFoundException: No static resource avatar-6.jpg.]
2026-08-06 10:55:02.294 WARN  [o.s.w.s.m.m.a.ExceptionHandlerExceptionResolver] Resolved [org.springframework.web.servlet.resource.NoResourceFoundException: No static resource webfonts/fa-solid-900.woff2.]
2026-08-06 10:55:02.321 WARN  [o.s.w.s.m.m.a.ExceptionHandlerExceptionResolver] Resolved [org.springframework.web.servlet.resource.NoResourceFoundException: No static resource webfonts/fa-solid-900.ttf.]
2026-08-06 10:55:02.449 ERROR [c.a.c.GlobalApiExceptionHandler] Unhandled exception for uri=/login
org.springframework.web.HttpRequestMethodNotSupportedException: Request method 'GET' is not supported
	at at org.springframework.web.servlet.mvc.method.RequestMappingInfoHandlerMapping.handleNoMatch(RequestMappingInfoHandlerMapping.java:267)
2026-08-06 10:55:02.450 WARN  [o.s.w.s.m.m.a.ExceptionHandlerExceptionResolver] Resolved [org.springframework.web.HttpRequestMethodNotSupportedException: Request method 'GET' is not supported]
2026-08-06 10:55:02.476 ERROR [c.a.c.GlobalApiExceptionHandler] Unhandled exception for uri=/login
org.springframework.web.HttpRequestMethodNotSupportedException: Request method 'GET' is not supported
	at at org.springframework.web.servlet.mvc.method.RequestMappingInfoHandlerMapping.handleNoMatch(RequestMappingInfoHandlerMapping.java:267)
2026-08-06 10:55:02.476 WARN  [o.s.w.s.m.m.a.ExceptionHandlerExceptionResolver] Resolved [org.springframework.web.HttpRequestMethodNotSupportedException: Request method 'GET' is not supported]
2026-08-06 10:59:05.151 WARN  [o.s.b.a.s.s.UserDetailsServiceAutoConfiguration] 

Using generated security password: 86bc3875-aa43-43d4-a6f6-e5abbcad80cd

This generated password is for development use only. Your security configuration must be updated before running your application in production.

2026-08-06 10:59:21.076 ERROR [c.a.c.GlobalApiExceptionHandler] Unhandled exception for uri=/login
org.springframework.web.HttpRequestMethodNotSupportedException: Request method 'GET' is not supported
	at at org.springframework.web.servlet.mvc.method.RequestMappingInfoHandlerMapping.handleNoMatch(RequestMappingInfoHandlerMapping.java:267)
2026-08-06 10:59:21.097 WARN  [o.s.w.s.m.m.a.ExceptionHandlerExceptionResolver] Resolved [org.springframework.web.HttpRequestMethodNotSupportedException: Request method 'GET' is not supported]
2026-08-06 10:59:22.057 WARN  [o.s.w.s.m.m.a.ExceptionHandlerExceptionResolver] Resolved [org.springframework.web.servlet.resource.NoResourceFoundException: No static resource dummy-avatar.jpg.]
2026-08-06 10:59:22.057 WARN  [o.s.w.s.m.m.a.ExceptionHandlerExceptionResolver] Resolved [org.springframework.web.servlet.resource.NoResourceFoundException: No static resource avatar-6.jpg.]
2026-08-06 10:59:22.057 WARN  [o.s.w.s.m.m.a.ExceptionHandlerExceptionResolver] Resolved [org.springframework.web.servlet.resource.NoResourceFoundException: No static resource avatar-7.jpg.]
2026-08-06 10:59:22.102 WARN  [o.s.w.s.m.m.a.ExceptionHandlerExceptionResolver] Resolved [org.springframework.web.servlet.resource.NoResourceFoundException: No static resource webfonts/fa-solid-900.woff2.]
2026-08-06 10:59:22.127 WARN  [o.s.w.s.m.m.a.ExceptionHandlerExceptionResolver] Resolved [org.springframework.web.servlet.resource.NoResourceFoundException: No static resource webfonts/fa-solid-900.ttf.]
2026-08-06 10:59:22.243 ERROR [c.a.c.GlobalApiExceptionHandler] Unhandled exception for uri=/login
org.springframework.web.HttpRequestMethodNotSupportedException: Request method 'GET' is not supported
	at at org.springframework.web.servlet.mvc.method.RequestMappingInfoHandlerMapping.handleNoMatch(RequestMappingInfoHandlerMapping.java:267)
2026-08-06 10:59:22.244 WARN  [o.s.w.s.m.m.a.ExceptionHandlerExceptionResolver] Resolved [org.springframework.web.HttpRequestMethodNotSupportedException: Request method 'GET' is not supported]
2026-08-06 10:59:22.269 ERROR [c.a.c.GlobalApiExceptionHandler] Unhandled exception for uri=/login
org.springframework.web.HttpRequestMethodNotSupportedException: Request method 'GET' is not supported
	at at org.springframework.web.servlet.mvc.method.RequestMappingInfoHandlerMapping.handleNoMatch(RequestMappingInfoHandlerMapping.java:267)
2026-08-06 10:59:22.270 WARN  [o.s.w.s.m.m.a.ExceptionHandlerExceptionResolver] Resolved [org.springframework.web.HttpRequestMethodNotSupportedException: Request method 'GET' is not supported]
2026-08-06 11:00:06.368 WARN  [i.m.c.instrument.MeterRegistry] This Gauge has been already registered (MeterId{name='system.memory.usage.percent', tags=[]}), the registration will be ignored. Note that subsequent logs will be logged at debug level.
2026-08-06 11:00:38.901 ERROR [c.a.c.GlobalApiExceptionHandler] Unhandled exception for uri=/login
org.springframework.web.HttpRequestMethodNotSupportedException: Request method 'GET' is not supported
	at at org.springframework.web.servlet.mvc.method.RequestMappingInfoHandlerMapping.handleNoMatch(RequestMappingInfoHandlerMapping.java:267)
2026-08-06 11:00:38.901 WARN  [o.s.w.s.m.m.a.ExceptionHandlerExceptionResolver] Resolved [org.springframework.web.HttpRequestMethodNotSupportedException: Request method 'GET' is not supported]
2026-08-06 11:00:39.011 WARN  [o.s.w.s.m.m.a.ExceptionHandlerExceptionResolver] Resolved [org.springframework.web.servlet.resource.NoResourceFoundException: No static resource dummy-avatar.jpg.]
2026-08-06 11:00:39.011 WARN  [o.s.w.s.m.m.a.ExceptionHandlerExceptionResolver] Resolved [org.springframework.web.servlet.resource.NoResourceFoundException: No static resource avatar-7.jpg.]
2026-08-06 11:00:39.119 WARN  [o.s.w.s.m.m.a.ExceptionHandlerExceptionResolver] Resolved [org.springframework.web.servlet.resource.NoResourceFoundException: No static resource avatar-6.jpg.]
2026-08-06 11:00:39.178 WARN  [o.s.w.s.m.m.a.ExceptionHandlerExceptionResolver] Resolved [org.springframework.web.servlet.resource.NoResourceFoundException: No static resource webfonts/fa-solid-900.woff2.]
2026-08-06 11:00:39.215 WARN  [o.s.w.s.m.m.a.ExceptionHandlerExceptionResolver] Resolved [org.springframework.web.servlet.resource.NoResourceFoundException: No static resource webfonts/fa-solid-900.ttf.]
2026-08-06 11:00:39.327 ERROR [c.a.c.GlobalApiExceptionHandler] Unhandled exception for uri=/login
org.springframework.web.HttpRequestMethodNotSupportedException: Request method 'GET' is not supported
	at at org.springframework.web.servlet.mvc.method.RequestMappingInfoHandlerMapping.handleNoMatch(RequestMappingInfoHandlerMapping.java:267)
2026-08-06 11:00:39.329 WARN  [o.s.w.s.m.m.a.ExceptionHandlerExceptionResolver] Resolved [org.springframework.web.HttpRequestMethodNotSupportedException: Request method 'GET' is not supported]
2026-08-06 11:00:39.350 ERROR [c.a.c.GlobalApiExceptionHandler] Unhandled exception for uri=/login
org.springframework.web.HttpRequestMethodNotSupportedException: Request method 'GET' is not supported
	at at org.springframework.web.servlet.mvc.method.RequestMappingInfoHandlerMapping.handleNoMatch(RequestMappingInfoHandlerMapping.java:267)
2026-08-06 11:00:39.351 WARN  [o.s.w.s.m.m.a.ExceptionHandlerExceptionResolver] Resolved [org.springframework.web.HttpRequestMethodNotSupportedException: Request method 'GET' is not supported]
2026-08-06 11:08:04.569 WARN  [o.s.b.a.s.s.UserDetailsServiceAutoConfiguration] 

Using generated security password: 67e26ec3-287d-439d-a351-00bed8332bd4

This generated password is for development use only. Your security configuration must be updated before running your application in production.

2026-08-06 11:08:34.294 INFO  [c.a.config.SqlOnlyInterceptor] SQL Execute | mapper=com.ait.sy.syRole.mapper.SyUserMapper.findByUserName | caller=com.ait.sy.sys.service.impl.HrAuthenticationServiceImpl.authenticate(HrAuthenticationServiceImpl.java:74) | command=SELECT | params=[userName='admin'] | sql=SELECT USER_NO, PERSON_ID, CPNY_ID, USER_NAME, PASSWORD, SPECIAL_PARAM, SPECIAL_VALUE, USER_TYPE, PASSWORD_FIRST, PASSWORD_SECOND, PASSWORD_THIRD, CREATE_DATE, CREATED_BY, UPDATE_DATE, UPDATED_BY, ORDERNO, ACTIVITY, PERSONAL_DATA_FLAG, PERSONAL_DATA_UPDATE_DATE, PERSONAL_DATA_UPDATED_IP, PERSONAL_DATA_UPDATED_BY, PERSONAL_SEND_DATA_FLAG, PERSONAL_SEND_DATA_UPDATE_DATE, PERSONAL_SEND_DATA_UPDATED_IP, PERSONAL_SEND_DATA_UPDATED_BY FROM sy_user WHERE USER_NAME = 'admin'
2026-08-06 11:08:34.643 INFO  [c.a.config.SqlOnlyInterceptor] SQL Result  | mapper=com.ait.sy.syRole.mapper.SyUserMapper.findByUserName | caller=com.ait.sy.sys.service.impl.HrAuthenticationServiceImpl.authenticate(HrAuthenticationServiceImpl.java:74) | rowsReturned=1 | took=351 ms
2026-08-06 11:08:35.028 INFO  [c.a.config.SqlOnlyInterceptor] SQL Execute | mapper=com.ait.hrm.empinfo.mapper.HrEmployeeMapper.findByPersonId | caller=com.ait.sy.sys.service.impl.HrAuthenticationServiceImpl.authenticate(HrAuthenticationServiceImpl.java:100) | command=SELECT | params=[personId='11111111'] | sql=SELECT he.EMPID, he.CHINESE_PINYIN, he.ENGLISH_NAME, he.POSITION_NO, he.POST_GRADE_NO, he.DATE_STARTED, he.END_PROBATION_DATE, he.EMP_TYPE_CODE, he.CPNY_ID, he.PERSON_ID, he.DEPTNO, he.LOCAL_NAME, he.WORK_AREA, he.CREATE_DATE, he.CREATED_BY, he.UPDATE_DATE, he.UPDATED_BY, he.ACTIVITY, he.MAIN_BUSINESS, he.EXPERIENCE, he.UPDATED_IP, he.CREATED_IP, he.KOREAN_NAME, he.EMP_COMMON_TYPE_CODE, he.STANDARD_POSITION, he.DUTY_NO, he.POST_NO, he.STATUS_CODE, he.DATE_LEFT, he.ID_CARD_NO, he.SHIFT_NO, he.EMP_OFFICE, he.INCUMBENCY, he.PROMOTION_DAY, he.POST_FAMILY, he.AFFIRM_WORK_AGE, he.WORK_HOUR_TYPE, he.DIRECT_INDIRECT_DISTINCTION, he.RECRUIT_TYPE, he.INSURANCE_TYPE, he.INSURANCE_AREA, he.FILENUMBER, he.EMPLOYEE_OWNED, he.WAGE_TYPE, he.POSITION, he.DATE_LAST_UP, he.RECOMMEND, he.DATE_GROUP_ENTRY, he.LAST_HAOFENG_DATE, he.ASSIGNMENT_INFORMATION, he.COST_CENTER, he.PAY_STEP_NO, he.PHONE_CARD_NO, he.LIZHIREASON, he.SOCIAL_DIFFERENTIATION, he.IS_PROBATION, he.PERSON_SUPPLIER_COMPANY, he.OT_LIMIT, he.OT_LIMIT_100, he.UPDATED_OT_LIMIT_BY, he.UPDATE_OT_LIMIT_DATE FROM hr_employee he WHERE he.PERSON_ID = '11111111'
2026-08-06 11:08:35.073 INFO  [c.a.config.SqlOnlyInterceptor] SQL Result  | mapper=com.ait.hrm.empinfo.mapper.HrEmployeeMapper.findByPersonId | caller=com.ait.sy.sys.service.impl.HrAuthenticationServiceImpl.authenticate(HrAuthenticationServiceImpl.java:100) | rowsReturned=1 | took=47 ms
2026-08-06 11:08:35.075 INFO  [c.a.config.SqlOnlyInterceptor] SQL Execute | mapper=com.ait.hrm.empinfo.mapper.HrPersonalInfoMapper.findByPersonId | caller=com.ait.sy.sys.service.impl.HrAuthenticationServiceImpl.authenticate(HrAuthenticationServiceImpl.java:113) | command=SELECT | params=[lang='vi', lang='vi', lang='vi', lang='vi', lang='vi', personId='11111111'] | sql=SELECT hp.PERSON_ID, hp.FINAL_DEGREE_CODE, GET_GLOBAL_NAME(hp.FINAL_DEGREE_CODE, 'vi') as FINAL_DEGREE_NAME, hp.SEXCODE, GET_GLOBAL_NAME(hp.SEXCODE, 'vi') as SEX_NAME, hp.DOB, hp.NATION_CODE, GET_GLOBAL_NAME(hp.NATION_CODE, 'vi') as NATION_NAME, hp.NATIONALITY_CODE, GET_GLOBAL_NAME(hp.NATIONALITY_CODE, 'vi') as NATIONALITY_NAME, hp.MARITAL_STATUS_CODE, GET_GLOBAL_NAME(hp.MARITAL_STATUS_CODE, 'vi') as MARITAL_STATUS_NAME, hp.WEDDING_DATE, hp.IDCARD_NO, hp.HOME_ADDRESS, hp.EMAIL, hp.REG_TYPE_CODE, hp.REG_PLACE, hp.OFFICE_PHONE, hp.HOME_PHONE, hp.CELLPHONE, hp.PHOTO_PATH, hp.HOUSE_TP, hp.WEDD_DATE, hp.CREATE_DATE, hp.CREATED_BY, hp.UPDATE_DATE, hp.UPDATED_BY, hp.ORDERNO, hp.ACTIVITY, hp.RESIDENTIAL_DISTINCTION, hp.EXIST_SINGLE, hp.SING_ID, hp.COMPANY_PHONE, hp.EMAIL_SECOND, hp.FILE_LOCATION, hp.FILE_ENTER, hp.FILE_OUT, hp.CREATED_IP, hp.UPDATED_IP, hp.CONTACT_PHONE, hp.EXT, hp.INTERESTED, hp.OLD_DEPARTMENT, hp.MARRIAGE_SUPPLEMENT, hp.CHARACTER_CODE, hp.SAFE_TYPE_CODE, hp.POLITICAL_STATUS, hp.CHILDREN_CODE, hp.SAFE_ADDRESS_CODE, hp.INSURANCE_DISTINGUISH, hp.IDCARD_EXPIRE_DATE, hp.LONG_TERM, hp.REMARK, hp.GROUP_RESIDENCE, hp.INSURANCE_XZ, hp.DOCUMENT_TYPE, hp.RELIGION, hp.ORIGIN, hp.IDCARD_START_DATE, hp.BECOME_REGULAR_EVALUATE, hp.POLITICAL_OUTLOOK, hp.ISSUING_AUTHORITY, hp.CV_UPDATE_STATUS, hp.ARMY_OR_NOT, hp.OBSTACLE_OR_NOT, hp.GRADUATION_ACHIEVEMENT, hp.AVERAGE_SCORE, hp.LANGUAGE_ABILITY, hp.HEIGHT, hp.WEIGHT, hp.PERSON_SUPPLIER_COMPANY FROM hr_personal_info hp WHERE hp.PERSON_ID = '11111111' AND hp.ACTIVITY = 1
2026-08-06 11:08:35.149 INFO  [c.a.config.SqlOnlyInterceptor] SQL Result  | mapper=com.ait.hrm.empinfo.mapper.HrPersonalInfoMapper.findByPersonId | caller=com.ait.sy.sys.service.impl.HrAuthenticationServiceImpl.authenticate(HrAuthenticationServiceImpl.java:113) | rowsReturned=1 | took=74 ms
2026-08-06 11:08:35.151 INFO  [c.a.config.SqlOnlyInterceptor] SQL Execute | mapper=com.ait.org.orgManage.mapper.HrDepartmentMapper.findByDeptNo | caller=com.ait.sy.sys.service.impl.HrAuthenticationServiceImpl.authenticate(HrAuthenticationServiceImpl.java:120) | command=SELECT | params=[deptNo='D11EV000'] | sql=SELECT hd.DEPTID, hd.CPNY_ID, hd.DATE_CREATED, hd.DATE_ENDED, hd.DEPT_LEVEL, hd.MANAGER_EMP_ID, hd.DEPTNO, hd.PARENT_DEPT_NO, hd.WORK_AREA, hd.DEPT_TYPE, hd.ORG_NAME_ENG, hd.ORG_NAME_LOCAL, hd.ORG_LEVEL, hd.COST_CENTER, hd.USE_YN, hd.CREATE_DATE, hd.CREATED_BY, hd.UPDATE_DATE, hd.UPDATED_BY, hd.ORDERNO, hd.ACTIVITY, hd.IS_DEPT, hd.IS_PART_TIME, hd.PRODUCT_TYPE, hd.CREATED_IP, hd.UPDATED_IP, hd.RESUME_NO, hd.REMARK, hd.FEE_STANDARD, hd.DEPT_DISTINGUISH_STANDARD, hd.PREP_MANAGER_EMP_ID, hd.ORDER_NO, hd.ORG_NAME_KO, hd.ORG_NAME_VI FROM hr_department hd WHERE hd.DEPTNO = 'D11EV000'
2026-08-06 11:08:35.187 INFO  [c.a.config.SqlOnlyInterceptor] SQL Result  | mapper=com.ait.org.orgManage.mapper.HrDepartmentMapper.findByDeptNo | caller=com.ait.sy.sys.service.impl.HrAuthenticationServiceImpl.authenticate(HrAuthenticationServiceImpl.java:120) | rowsReturned=1 | took=37 ms
2026-08-06 11:08:35.189 INFO  [c.a.config.SqlOnlyInterceptor] SQL Execute | mapper=com.ait.sy.syRole.mapper.SyUserMapper.updateLastLogin | caller=com.ait.sy.sys.service.impl.HrAuthenticationServiceImpl.authenticate(HrAuthenticationServiceImpl.java:133) | command=UPDATE | params=[userNo='111111'] | sql=UPDATE sy_user SET UPDATE_DATE = SYSDATE WHERE USER_NO = '111111'
2026-08-06 11:08:35.212 INFO  [c.a.config.SqlOnlyInterceptor] SQL Result  | mapper=com.ait.sy.syRole.mapper.SyUserMapper.updateLastLogin | caller=com.ait.sy.sys.service.impl.HrAuthenticationServiceImpl.authenticate(HrAuthenticationServiceImpl.java:133) | rowsAffected=1 | took=23 ms
2026-08-06 11:08:35.212 INFO  [c.a.s.s.s.i.HrAuthenticationServiceImpl] Successful login for user=admin from IP=0:0:0:0:0:0:0:1
2026-08-06 11:08:35.271 INFO  [c.a.config.SqlOnlyInterceptor] SQL Execute | mapper=com.ait.sy.syRole.mapper.SyUserRelationMapper.findActiveByUserNo | caller=com.ait.sy.sys.service.impl.PermissionServiceImpl.getUserRoleGroups(PermissionServiceImpl.java:51) | command=SELECT | params=[userNo='111111'] | sql=SELECT USER_NO, ROLE_GROUP_NO, CREATE_DATE, CREATED_BY, UPDATE_DATE, UPDATED_BY, ORDERNO, ACTIVITY FROM sy_user_relation WHERE USER_NO = '111111' AND ACTIVITY = 1 ORDER BY ORDERNO
2026-08-06 11:08:35.297 INFO  [c.a.config.SqlOnlyInterceptor] SQL Result  | mapper=com.ait.sy.syRole.mapper.SyUserRelationMapper.findActiveByUserNo | caller=com.ait.sy.sys.service.impl.PermissionServiceImpl.getUserRoleGroups(PermissionServiceImpl.java:51) | rowsReturned=6 | took=27 ms
2026-08-06 11:08:35.321 INFO  [c.a.config.SqlOnlyInterceptor] SQL Execute | mapper=com.ait.sy.syRole.mapper.SyRoleGroupMapper.findByRoleGroupNo | caller=com.ait.sy.sys.service.impl.PermissionServiceImpl.lambda$getUserRoleGroups$0(PermissionServiceImpl.java:53) | command=SELECT | params=[roleGroupNo='00001', cpnyId='HTSV'] | sql=SELECT * FROM SY_ROLE_GROUP WHERE ROLE_GROUP_NO = '00001' AND CPNY_ID = 'HTSV'
2026-08-06 11:08:35.346 INFO  [c.a.config.SqlOnlyInterceptor] SQL Result  | mapper=com.ait.sy.syRole.mapper.SyRoleGroupMapper.findByRoleGroupNo | caller=com.ait.sy.sys.service.impl.PermissionServiceImpl.lambda$getUserRoleGroups$0(PermissionServiceImpl.java:53) | rowsReturned=1 | took=47 ms
2026-08-06 11:08:35.347 INFO  [c.a.config.SqlOnlyInterceptor] SQL Execute | mapper=com.ait.sy.syRole.mapper.SyRoleGroupMapper.findByRoleGroupNo | caller=com.ait.sy.sys.service.impl.PermissionServiceImpl.lambda$getUserRoleGroups$0(PermissionServiceImpl.java:53) | command=SELECT | params=[roleGroupNo='218729', cpnyId='HTSV'] | sql=SELECT * FROM SY_ROLE_GROUP WHERE ROLE_GROUP_NO = '218729' AND CPNY_ID = 'HTSV'
2026-08-06 11:08:35.362 INFO  [c.a.config.SqlOnlyInterceptor] SQL Result  | mapper=com.ait.sy.syRole.mapper.SyRoleGroupMapper.findByRoleGroupNo | caller=com.ait.sy.sys.service.impl.PermissionServiceImpl.lambda$getUserRoleGroups$0(PermissionServiceImpl.java:53) | rowsReturned=1 | took=15 ms
2026-08-06 11:08:35.365 INFO  [c.a.config.SqlOnlyInterceptor] SQL Execute | mapper=com.ait.sy.syRole.mapper.SyRoleGroupMapper.findByRoleGroupNo | caller=com.ait.sy.sys.service.impl.PermissionServiceImpl.lambda$getUserRoleGroups$0(PermissionServiceImpl.java:53) | command=SELECT | params=[roleGroupNo='90000452', cpnyId='HTSV'] | sql=SELECT * FROM SY_ROLE_GROUP WHERE ROLE_GROUP_NO = '90000452' AND CPNY_ID = 'HTSV'
2026-08-06 11:08:35.382 INFO  [c.a.config.SqlOnlyInterceptor] SQL Result  | mapper=com.ait.sy.syRole.mapper.SyRoleGroupMapper.findByRoleGroupNo | caller=com.ait.sy.sys.service.impl.PermissionServiceImpl.lambda$getUserRoleGroups$0(PermissionServiceImpl.java:53) | rowsReturned=1 | took=17 ms
2026-08-06 11:08:35.383 INFO  [c.a.config.SqlOnlyInterceptor] SQL Execute | mapper=com.ait.sy.syRole.mapper.SyRoleGroupMapper.findByRoleGroupNo | caller=com.ait.sy.sys.service.impl.PermissionServiceImpl.lambda$getUserRoleGroups$0(PermissionServiceImpl.java:53) | command=SELECT | params=[roleGroupNo='14013645', cpnyId='HTSV'] | sql=SELECT * FROM SY_ROLE_GROUP WHERE ROLE_GROUP_NO = '14013645' AND CPNY_ID = 'HTSV'
2026-08-06 11:08:35.400 INFO  [c.a.config.SqlOnlyInterceptor] SQL Result  | mapper=com.ait.sy.syRole.mapper.SyRoleGroupMapper.findByRoleGroupNo | caller=com.ait.sy.sys.service.impl.PermissionServiceImpl.lambda$getUserRoleGroups$0(PermissionServiceImpl.java:53) | rowsReturned=1 | took=17 ms
2026-08-06 11:08:35.402 INFO  [c.a.config.SqlOnlyInterceptor] SQL Execute | mapper=com.ait.sy.syRole.mapper.SyRoleGroupMapper.findByRoleGroupNo | caller=com.ait.sy.sys.service.impl.PermissionServiceImpl.lambda$getUserRoleGroups$0(PermissionServiceImpl.java:53) | command=SELECT | params=[roleGroupNo='14013646', cpnyId='HTSV'] | sql=SELECT * FROM SY_ROLE_GROUP WHERE ROLE_GROUP_NO = '14013646' AND CPNY_ID = 'HTSV'
2026-08-06 11:08:35.421 INFO  [c.a.config.SqlOnlyInterceptor] SQL Result  | mapper=com.ait.sy.syRole.mapper.SyRoleGroupMapper.findByRoleGroupNo | caller=com.ait.sy.sys.service.impl.PermissionServiceImpl.lambda$getUserRoleGroups$0(PermissionServiceImpl.java:53) | rowsReturned=1 | took=18 ms
2026-08-06 11:08:35.425 INFO  [c.a.config.SqlOnlyInterceptor] SQL Execute | mapper=com.ait.sy.syRole.mapper.SyRoleGroupMapper.findByRoleGroupNo | caller=com.ait.sy.sys.service.impl.PermissionServiceImpl.lambda$getUserRoleGroups$0(PermissionServiceImpl.java:53) | command=SELECT | params=[roleGroupNo='14013644', cpnyId='HTSV'] | sql=SELECT * FROM SY_ROLE_GROUP WHERE ROLE_GROUP_NO = '14013644' AND CPNY_ID = 'HTSV'
2026-08-06 11:08:35.445 INFO  [c.a.config.SqlOnlyInterceptor] SQL Result  | mapper=com.ait.sy.syRole.mapper.SyRoleGroupMapper.findByRoleGroupNo | caller=com.ait.sy.sys.service.impl.PermissionServiceImpl.lambda$getUserRoleGroups$0(PermissionServiceImpl.java:53) | rowsReturned=1 | took=21 ms
2026-08-06 11:08:35.447 INFO  [c.a.config.SqlOnlyInterceptor] SQL Execute | mapper=com.ait.sy.syRole.mapper.SyUserRelationMapper.findActiveByUserNo | caller=com.ait.sy.sys.service.impl.PermissionServiceImpl.getUserRoleGroups(PermissionServiceImpl.java:51) | command=SELECT | params=[userNo='111111'] | sql=SELECT USER_NO, ROLE_GROUP_NO, CREATE_DATE, CREATED_BY, UPDATE_DATE, UPDATED_BY, ORDERNO, ACTIVITY FROM sy_user_relation WHERE USER_NO = '111111' AND ACTIVITY = 1 ORDER BY ORDERNO
2026-08-06 11:08:35.448 INFO  [c.a.config.SqlOnlyInterceptor] SQL Result  | mapper=com.ait.sy.syRole.mapper.SyUserRelationMapper.findActiveByUserNo | caller=com.ait.sy.sys.service.impl.PermissionServiceImpl.getUserRoleGroups(PermissionServiceImpl.java:51) | rowsReturned=6 | took=2 ms
2026-08-06 11:08:35.450 INFO  [c.a.config.SqlOnlyInterceptor] SQL Execute | mapper=com.ait.sy.syRole.mapper.SyRoleGroupMapper.findByRoleGroupNo | caller=com.ait.sy.sys.service.impl.PermissionServiceImpl.lambda$getUserRoleGroups$0(PermissionServiceImpl.java:53) | command=SELECT | params=[roleGroupNo='00001', cpnyId='HTSV'] | sql=SELECT * FROM SY_ROLE_GROUP WHERE ROLE_GROUP_NO = '00001' AND CPNY_ID = 'HTSV'
2026-08-06 11:08:35.452 INFO  [c.a.config.SqlOnlyInterceptor] SQL Result  | mapper=com.ait.sy.syRole.mapper.SyRoleGroupMapper.findByRoleGroupNo | caller=com.ait.sy.sys.service.impl.PermissionServiceImpl.lambda$getUserRoleGroups$0(PermissionServiceImpl.java:53) | rowsReturned=1 | took=1 ms
2026-08-06 11:08:35.454 INFO  [c.a.config.SqlOnlyInterceptor] SQL Execute | mapper=com.ait.sy.syRole.mapper.SyRoleGroupMapper.findByRoleGroupNo | caller=com.ait.sy.sys.service.impl.PermissionServiceImpl.lambda$getUserRoleGroups$0(PermissionServiceImpl.java:53) | command=SELECT | params=[roleGroupNo='218729', cpnyId='HTSV'] | sql=SELECT * FROM SY_ROLE_GROUP WHERE ROLE_GROUP_NO = '218729' AND CPNY_ID = 'HTSV'
2026-08-06 11:08:35.455 INFO  [c.a.config.SqlOnlyInterceptor] SQL Result  | mapper=com.ait.sy.syRole.mapper.SyRoleGroupMapper.findByRoleGroupNo | caller=com.ait.sy.sys.service.impl.PermissionServiceImpl.lambda$getUserRoleGroups$0(PermissionServiceImpl.java:53) | rowsReturned=1 | took=1 ms
2026-08-06 11:08:35.458 INFO  [c.a.config.SqlOnlyInterceptor] SQL Execute | mapper=com.ait.sy.syRole.mapper.SyRoleGroupMapper.findByRoleGroupNo | caller=com.ait.sy.sys.service.impl.PermissionServiceImpl.lambda$getUserRoleGroups$0(PermissionServiceImpl.java:53) | command=SELECT | params=[roleGroupNo='90000452', cpnyId='HTSV'] | sql=SELECT * FROM SY_ROLE_GROUP WHERE ROLE_GROUP_NO = '90000452' AND CPNY_ID = 'HTSV'
2026-08-06 11:08:35.458 INFO  [c.a.config.SqlOnlyInterceptor] SQL Result  | mapper=com.ait.sy.syRole.mapper.SyRoleGroupMapper.findByRoleGroupNo | caller=com.ait.sy.sys.service.impl.PermissionServiceImpl.lambda$getUserRoleGroups$0(PermissionServiceImpl.java:53) | rowsReturned=1 | took=1 ms
2026-08-06 11:08:35.459 INFO  [c.a.config.SqlOnlyInterceptor] SQL Execute | mapper=com.ait.sy.syRole.mapper.SyRoleGroupMapper.findByRoleGroupNo | caller=com.ait.sy.sys.service.impl.PermissionServiceImpl.lambda$getUserRoleGroups$0(PermissionServiceImpl.java:53) | command=SELECT | params=[roleGroupNo='14013645', cpnyId='HTSV'] | sql=SELECT * FROM SY_ROLE_GROUP WHERE ROLE_GROUP_NO = '14013645' AND CPNY_ID = 'HTSV'
2026-08-06 11:08:35.460 INFO  [c.a.config.SqlOnlyInterceptor] SQL Result  | mapper=com.ait.sy.syRole.mapper.SyRoleGroupMapper.findByRoleGroupNo | caller=com.ait.sy.sys.service.impl.PermissionServiceImpl.lambda$getUserRoleGroups$0(PermissionServiceImpl.java:53) | rowsReturned=1 | took=0 ms
2026-08-06 11:08:35.464 INFO  [c.a.config.SqlOnlyInterceptor] SQL Execute | mapper=com.ait.sy.syRole.mapper.SyRoleGroupMapper.findByRoleGroupNo | caller=com.ait.sy.sys.service.impl.PermissionServiceImpl.lambda$getUserRoleGroups$0(PermissionServiceImpl.java:53) | command=SELECT | params=[roleGroupNo='14013646', cpnyId='HTSV'] | sql=SELECT * FROM SY_ROLE_GROUP WHERE ROLE_GROUP_NO = '14013646' AND CPNY_ID = 'HTSV'
2026-08-06 11:08:35.464 INFO  [c.a.config.SqlOnlyInterceptor] SQL Result  | mapper=com.ait.sy.syRole.mapper.SyRoleGroupMapper.findByRoleGroupNo | caller=com.ait.sy.sys.service.impl.PermissionServiceImpl.lambda$getUserRoleGroups$0(PermissionServiceImpl.java:53) | rowsReturned=1 | took=1 ms
2026-08-06 11:08:35.467 INFO  [c.a.config.SqlOnlyInterceptor] SQL Execute | mapper=com.ait.sy.syRole.mapper.SyRoleGroupMapper.findByRoleGroupNo | caller=com.ait.sy.sys.service.impl.PermissionServiceImpl.lambda$getUserRoleGroups$0(PermissionServiceImpl.java:53) | command=SELECT | params=[roleGroupNo='14013644', cpnyId='HTSV'] | sql=SELECT * FROM SY_ROLE_GROUP WHERE ROLE_GROUP_NO = '14013644' AND CPNY_ID = 'HTSV'
2026-08-06 11:08:35.468 INFO  [c.a.config.SqlOnlyInterceptor] SQL Result  | mapper=com.ait.sy.syRole.mapper.SyRoleGroupMapper.findByRoleGroupNo | caller=com.ait.sy.sys.service.impl.PermissionServiceImpl.lambda$getUserRoleGroups$0(PermissionServiceImpl.java:53) | rowsReturned=1 | took=2 ms
2026-08-06 11:08:35.470 INFO  [c.a.config.SqlOnlyInterceptor] SQL Execute | mapper=com.ait.sy.syRole.mapper.SyRoleMapper.findByRoleGroupNo | caller=com.ait.sy.sys.service.impl.PermissionServiceImpl.lambda$getUserRoles$2(PermissionServiceImpl.java:73) | command=SELECT | params=[roleGroupNo='00001'] | sql=SELECT r.ROLE_NO, r.ROLE_ID, r.CPNY_ID, r.CREATE_DATE, r.CREATED_BY, r.UPDATE_DATE, r.UPDATED_BY, r.ORDERNO, r.ACTIVITY, r.SYS_TYPE FROM sy_role r INNER JOIN sy_role_group_relation rgr ON r.ROLE_NO = rgr.ROLE_NO WHERE rgr.ROLE_GROUP_NO = '00001' AND r.ACTIVITY = 1 AND rgr.ACTIVITY = 1 ORDER BY r.ORDERNO
2026-08-06 11:08:35.498 INFO  [c.a.config.SqlOnlyInterceptor] SQL Result  | mapper=com.ait.sy.syRole.mapper.SyRoleMapper.findByRoleGroupNo | caller=com.ait.sy.sys.service.impl.PermissionServiceImpl.lambda$getUserRoles$2(PermissionServiceImpl.java:73) | rowsReturned=1 | took=28 ms
2026-08-06 11:08:35.499 INFO  [c.a.config.SqlOnlyInterceptor] SQL Execute | mapper=com.ait.sy.syRole.mapper.SyRoleMapper.findByRoleGroupNo | caller=com.ait.sy.sys.service.impl.PermissionServiceImpl.lambda$getUserRoles$2(PermissionServiceImpl.java:73) | command=SELECT | params=[roleGroupNo='218729'] | sql=SELECT r.ROLE_NO, r.ROLE_ID, r.CPNY_ID, r.CREATE_DATE, r.CREATED_BY, r.UPDATE_DATE, r.UPDATED_BY, r.ORDERNO, r.ACTIVITY, r.SYS_TYPE FROM sy_role r INNER JOIN sy_role_group_relation rgr ON r.ROLE_NO = rgr.ROLE_NO WHERE rgr.ROLE_GROUP_NO = '218729' AND r.ACTIVITY = 1 AND rgr.ACTIVITY = 1 ORDER BY r.ORDERNO
2026-08-06 11:08:35.516 INFO  [c.a.config.SqlOnlyInterceptor] SQL Result  | mapper=com.ait.sy.syRole.mapper.SyRoleMapper.findByRoleGroupNo | caller=com.ait.sy.sys.service.impl.PermissionServiceImpl.lambda$getUserRoles$2(PermissionServiceImpl.java:73) | rowsReturned=1 | took=17 ms
2026-08-06 11:08:35.517 INFO  [c.a.config.SqlOnlyInterceptor] SQL Execute | mapper=com.ait.sy.syRole.mapper.SyRoleMapper.findByRoleGroupNo | caller=com.ait.sy.sys.service.impl.PermissionServiceImpl.lambda$getUserRoles$2(PermissionServiceImpl.java:73) | command=SELECT | params=[roleGroupNo='90000452'] | sql=SELECT r.ROLE_NO, r.ROLE_ID, r.CPNY_ID, r.CREATE_DATE, r.CREATED_BY, r.UPDATE_DATE, r.UPDATED_BY, r.ORDERNO, r.ACTIVITY, r.SYS_TYPE FROM sy_role r INNER JOIN sy_role_group_relation rgr ON r.ROLE_NO = rgr.ROLE_NO WHERE rgr.ROLE_GROUP_NO = '90000452' AND r.ACTIVITY = 1 AND rgr.ACTIVITY = 1 ORDER BY r.ORDERNO
2026-08-06 11:08:35.535 INFO  [c.a.config.SqlOnlyInterceptor] SQL Result  | mapper=com.ait.sy.syRole.mapper.SyRoleMapper.findByRoleGroupNo | caller=com.ait.sy.sys.service.impl.PermissionServiceImpl.lambda$getUserRoles$2(PermissionServiceImpl.java:73) | rowsReturned=1 | took=18 ms
2026-08-06 11:08:35.536 INFO  [c.a.config.SqlOnlyInterceptor] SQL Execute | mapper=com.ait.sy.syRole.mapper.SyRoleMapper.findByRoleGroupNo | caller=com.ait.sy.sys.service.impl.PermissionServiceImpl.lambda$getUserRoles$2(PermissionServiceImpl.java:73) | command=SELECT | params=[roleGroupNo='14013645'] | sql=SELECT r.ROLE_NO, r.ROLE_ID, r.CPNY_ID, r.CREATE_DATE, r.CREATED_BY, r.UPDATE_DATE, r.UPDATED_BY, r.ORDERNO, r.ACTIVITY, r.SYS_TYPE FROM sy_role r INNER JOIN sy_role_group_relation rgr ON r.ROLE_NO = rgr.ROLE_NO WHERE rgr.ROLE_GROUP_NO = '14013645' AND r.ACTIVITY = 1 AND rgr.ACTIVITY = 1 ORDER BY r.ORDERNO
2026-08-06 11:08:35.553 INFO  [c.a.config.SqlOnlyInterceptor] SQL Result  | mapper=com.ait.sy.syRole.mapper.SyRoleMapper.findByRoleGroupNo | caller=com.ait.sy.sys.service.impl.PermissionServiceImpl.lambda$getUserRoles$2(PermissionServiceImpl.java:73) | rowsReturned=1 | took=17 ms
2026-08-06 11:08:35.554 INFO  [c.a.config.SqlOnlyInterceptor] SQL Execute | mapper=com.ait.sy.syRole.mapper.SyRoleMapper.findByRoleGroupNo | caller=com.ait.sy.sys.service.impl.PermissionServiceImpl.lambda$getUserRoles$2(PermissionServiceImpl.java:73) | command=SELECT | params=[roleGroupNo='14013646'] | sql=SELECT r.ROLE_NO, r.ROLE_ID, r.CPNY_ID, r.CREATE_DATE, r.CREATED_BY, r.UPDATE_DATE, r.UPDATED_BY, r.ORDERNO, r.ACTIVITY, r.SYS_TYPE FROM sy_role r INNER JOIN sy_role_group_relation rgr ON r.ROLE_NO = rgr.ROLE_NO WHERE rgr.ROLE_GROUP_NO = '14013646' AND r.ACTIVITY = 1 AND rgr.ACTIVITY = 1 ORDER BY r.ORDERNO
2026-08-06 11:08:35.569 INFO  [c.a.config.SqlOnlyInterceptor] SQL Result  | mapper=com.ait.sy.syRole.mapper.SyRoleMapper.findByRoleGroupNo | caller=com.ait.sy.sys.service.impl.PermissionServiceImpl.lambda$getUserRoles$2(PermissionServiceImpl.java:73) | rowsReturned=1 | took=15 ms
2026-08-06 11:08:35.569 INFO  [c.a.config.SqlOnlyInterceptor] SQL Execute | mapper=com.ait.sy.syRole.mapper.SyRoleMapper.findByRoleGroupNo | caller=com.ait.sy.sys.service.impl.PermissionServiceImpl.lambda$getUserRoles$2(PermissionServiceImpl.java:73) | command=SELECT | params=[roleGroupNo='14013644'] | sql=SELECT r.ROLE_NO, r.ROLE_ID, r.CPNY_ID, r.CREATE_DATE, r.CREATED_BY, r.UPDATE_DATE, r.UPDATED_BY, r.ORDERNO, r.ACTIVITY, r.SYS_TYPE FROM sy_role r INNER JOIN sy_role_group_relation rgr ON r.ROLE_NO = rgr.ROLE_NO WHERE rgr.ROLE_GROUP_NO = '14013644' AND r.ACTIVITY = 1 AND rgr.ACTIVITY = 1 ORDER BY r.ORDERNO
2026-08-06 11:08:35.585 INFO  [c.a.config.SqlOnlyInterceptor] SQL Result  | mapper=com.ait.sy.syRole.mapper.SyRoleMapper.findByRoleGroupNo | caller=com.ait.sy.sys.service.impl.PermissionServiceImpl.lambda$getUserRoles$2(PermissionServiceImpl.java:73) | rowsReturned=1 | took=16 ms
2026-08-06 11:08:35.586 INFO  [c.a.config.SqlOnlyInterceptor] SQL Execute | mapper=com.ait.sy.basicMaintenance.mapper.SyMenuMapper.findMenuTreeByUserNo | caller=com.ait.sy.sys.service.impl.PermissionServiceImpl.getUserMenus(PermissionServiceImpl.java:91) | command=SELECT | params=[userNo='111111'] | sql=SELECT DISTINCT m.* FROM sy_menu m INNER JOIN sy_role_relation rr ON m.MENU_NO = rr.MENU_NO INNER JOIN sy_role r ON rr.ROLE_NO = r.ROLE_NO INNER JOIN sy_role_group_relation rgr ON rr.ROLE_NO = rgr.ROLE_NO INNER JOIN sy_user_relation ur ON rgr.ROLE_GROUP_NO = ur.ROLE_GROUP_NO WHERE m.ACTIVITY = 1 AND rr.ACTIVITY = 1 AND r.ACTIVITY = 1 AND rgr.ACTIVITY = 1 AND ur.ACTIVITY = 1 AND NVL(TO_CHAR(r.SYS_TYPE), '0') = '1' AND ur.USER_NO = '111111' ORDER BY m.DEPTH, m.ORDERNO
2026-08-06 11:08:35.771 INFO  [c.a.config.SqlOnlyInterceptor] SQL Result  | mapper=com.ait.sy.basicMaintenance.mapper.SyMenuMapper.findMenuTreeByUserNo | caller=com.ait.sy.sys.service.impl.PermissionServiceImpl.getUserMenus(PermissionServiceImpl.java:91) | rowsReturned=130 | took=185 ms
2026-08-06 11:08:35.777 INFO  [c.a.config.SqlOnlyInterceptor] SQL Execute | mapper=com.ait.sy.sys.mapper.MenuMapper.countMenusByUserPermissionBySysType | caller=com.ait.sy.sys.service.impl.MenuServiceImpl.hasMenusByUserPermissionBySysType(MenuServiceImpl.java:79) | command=SELECT | params=[cpnyId='HTSV', userNo='111111', sysType='0'] | sql=SELECT COUNT(DISTINCT m.MENU_NO) FROM SY_MENU m JOIN SY_MENU_PARAM mp ON m.MENU_NO = mp.MENU_NO AND mp.CPNY_ID = 'HTSV' INNER JOIN SY_ROLE_RELATION rr ON m.MENU_NO = rr.MENU_NO INNER JOIN SY_ROLE r ON rr.ROLE_NO = r.ROLE_NO INNER JOIN SY_ROLE_GROUP_RELATION rgr ON rr.ROLE_NO = rgr.ROLE_NO INNER JOIN SY_USER_RELATION ur ON rgr.ROLE_GROUP_NO = ur.ROLE_GROUP_NO WHERE ur.USER_NO = '111111' AND m.ACTIVITY = 1 AND rr.ACTIVITY = 1 AND r.ACTIVITY = 1 AND rgr.ACTIVITY = 1 AND ur.ACTIVITY = 1 AND rr.SELECTR = 1 AND NVL(TO_CHAR(r.SYS_TYPE), '0') = '0'
2026-08-06 11:08:35.840 INFO  [c.a.config.SqlOnlyInterceptor] SQL Result  | mapper=com.ait.sy.sys.mapper.MenuMapper.countMenusByUserPermissionBySysType | caller=com.ait.sy.sys.service.impl.MenuServiceImpl.hasMenusByUserPermissionBySysType(MenuServiceImpl.java:79) | rowsReturned=1 | took=63 ms
2026-08-06 11:08:35.976 INFO  [c.a.config.SqlOnlyInterceptor] SQL Execute | mapper=com.ait.sy.sys.mapper.MenuMapper.getMenusByUserPermissionBySysType | caller=com.ait.sy.sys.service.impl.MenuServiceImpl.getMenusByUserPermissionBySysType(MenuServiceImpl.java:37) | command=SELECT | params=[lang='vi', cpnyId='HTSV', userNo='111111', sysType='1'] | sql=SELECT DISTINCT m.MENU_NO, m.MENU_PARENT_NO, m.MENU_CODE, GET_GLOBAL_NAME(m.MENU_NO, 'vi') AS MENU_NAME, m.MENU_IMG, m.MENU_URL, m.DEPTH, m.ORDERNO AS ORDER_NO, m.ACTIVITY FROM SY_MENU m JOIN SY_MENU_PARAM mp ON m.MENU_NO = mp.MENU_NO AND mp.CPNY_ID = 'HTSV' INNER JOIN SY_ROLE_RELATION rr ON m.MENU_NO = rr.MENU_NO INNER JOIN SY_ROLE r ON rr.ROLE_NO = r.ROLE_NO INNER JOIN SY_ROLE_GROUP_RELATION rgr ON rr.ROLE_NO = rgr.ROLE_NO INNER JOIN SY_USER_RELATION ur ON rgr.ROLE_GROUP_NO = ur.ROLE_GROUP_NO WHERE ur.USER_NO = '111111' AND m.ACTIVITY = 1 AND rr.ACTIVITY = 1 AND r.ACTIVITY = 1 AND rgr.ACTIVITY = 1 AND ur.ACTIVITY = 1 AND rr.SELECTR = 1 AND NVL(TO_CHAR(r.SYS_TYPE), '0') = '1' ORDER BY m.DEPTH, m.ORDERNO
2026-08-06 11:08:36.098 INFO  [c.a.config.SqlOnlyInterceptor] SQL Result  | mapper=com.ait.sy.sys.mapper.MenuMapper.getMenusByUserPermissionBySysType | caller=com.ait.sy.sys.service.impl.MenuServiceImpl.getMenusByUserPermissionBySysType(MenuServiceImpl.java:37) | rowsReturned=76 | took=123 ms
2026-08-06 11:08:43.331 INFO  [c.a.config.SqlOnlyInterceptor] SQL Execute | mapper=com.ait.ess.infoApply.mapper.EssDeptOtApplyInfoMapper.countList | caller=com.ait.ess.infoApply.service.impl.EssDeptOtApplyInfoServiceImpl.getPageList(EssDeptOtApplyInfoServiceImpl.java:47) | command=SELECT | params=[adminID='11111111', adminID='11111111', cpnyId='HTSV', year='2026', year='2026'] | sql=SELECT COUNT(*) FROM HR_EMPLOYEE H, ( SELECT B1.DEPTNO FROM HR_DEPARTMENT B1 START WITH B1.DEPTNO IN ( SELECT HRD.DEPTID FROM HR_DEPARTMENT HRD WHERE HRD.MANAGER_EMP_ID = '11111111' ) CONNECT BY PRIOR B1.DEPTNO = B1.PARENT_DEPT_NO UNION SELECT ASI.DEPTNO FROM AR_SUPERVISOR_INFO ASI WHERE ASI.PERSON_ID = '11111111' ) ACC WHERE H.CPNY_ID = 'HTSV' AND H.DEPTNO = ACC.DEPTNO AND H.EMPID NOT LIKE '111111%' AND TRUNC(H.DATE_STARTED) <= TO_DATE('2026' || '1231', 'YYYYMMDD') AND (H.DATE_LEFT IS NULL OR TRUNC(H.DATE_LEFT) >= TO_DATE('2026' || '0101', 'YYYYMMDD'))
2026-08-06 11:08:43.396 INFO  [c.a.config.SqlOnlyInterceptor] SQL Result  | mapper=com.ait.ess.infoApply.mapper.EssDeptOtApplyInfoMapper.countList | caller=com.ait.ess.infoApply.service.impl.EssDeptOtApplyInfoServiceImpl.getPageList(EssDeptOtApplyInfoServiceImpl.java:47) | rowsReturned=1 | took=67 ms
2026-08-06 11:08:43.397 INFO  [c.a.config.SqlOnlyInterceptor] SQL Execute | mapper=com.ait.ess.infoApply.mapper.EssDeptOtApplyInfoMapper.selectListPage | caller=com.ait.ess.infoApply.service.impl.EssDeptOtApplyInfoServiceImpl.getPageList(EssDeptOtApplyInfoServiceImpl.java:48) | command=SELECT | params=[lang='vi', year='2026', cpnyId='HTSV', year='2026', cpnyId='HTSV', year='2026', cpnyId='HTSV', year='2026', cpnyId='HTSV', year='2026', cpnyId='HTSV', year='2026', cpnyId='HTSV', year='2026', cpnyId='HTSV', year='2026', cpnyId='HTSV', year='2026', cpnyId='HTSV', year='2026', cpnyId='HTSV', year='2026', cpnyId='HTSV', year='2026', cpnyId='HTSV', year='2026', cpnyId='HTSV', year='2026', cpnyId='HTSV', year='2026', cpnyId='HTSV', year='2026', cpnyId='HTSV', year='2026', cpnyId='HTSV', year='2026', cpnyId='HTSV', year='2026', cpnyId='HTSV', year='2026', cpnyId='HTSV', year='2026', cpnyId='HTSV', year='2026', cpnyId='HTSV', year='2026', cpnyId='HTSV', year='2026', cpnyId='HTSV', adminID='11111111', adminID='11111111', cpnyId='HTSV', year='2026', year='2026', start=0, length=25, start=0] | sql=SELECT * FROM ( SELECT INNER_Q.*, ROWNUM AS RN FROM ( SELECT H.EMPID AS EMPID, H.LOCAL_NAME AS LOCAL_NAME, GET_DEPT_NAME(H.DEPTNO, 'vi') AS DEPT_NAME, NVL(GET_AR_OT_TOTAIL(TO_CHAR(TO_DATE('0101'||'2026','DDMMYYYY'),'YYYY/MM/DD'), 'HTSV', H.PERSON_ID, '31'), 0) AS M01_APPROVED, NVL(GET_AR_OT_TOTAIL(TO_CHAR(TO_DATE('0101'||'2026','DDMMYYYY'),'YYYY/MM/DD'), 'HTSV', H.PERSON_ID, '311'), 0) AS M01_APPLY, NVL(GET_AR_OT_TOTAIL(TO_CHAR(TO_DATE('0102'||'2026','DDMMYYYY'),'YYYY/MM/DD'), 'HTSV', H.PERSON_ID, '31'), 0) AS M02_APPROVED, NVL(GET_AR_OT_TOTAIL(TO_CHAR(TO_DATE('0102'||'2026','DDMMYYYY'),'YYYY/MM/DD'), 'HTSV', H.PERSON_ID, '311'), 0) AS M02_APPLY, NVL(GET_AR_OT_TOTAIL(TO_CHAR(TO_DATE('0103'||'2026','DDMMYYYY'),'YYYY/MM/DD'), 'HTSV', H.PERSON_ID, '31'), 0) AS M03_APPROVED, NVL(GET_AR_OT_TOTAIL(TO_CHAR(TO_DATE('0103'||'2026','DDMMYYYY'),'YYYY/MM/DD'), 'HTSV', H.PERSON_ID, '311'), 0) AS M03_APPLY, NVL(GET_AR_OT_TOTAIL(TO_CHAR(TO_DATE('0104'||'2026','DDMMYYYY'),'YYYY/MM/DD'), 'HTSV', H.PERSON_ID, '31'), 0) AS M04_APPROVED, NVL(GET_AR_OT_TOTAIL(TO_CHAR(TO_DATE('0104'||'2026','DDMMYYYY'),'YYYY/MM/DD'), 'HTSV', H.PERSON_ID, '311'), 0) AS M04_APPLY, NVL(GET_AR_OT_TOTAIL(TO_CHAR(TO_DATE('0105'||'2026','DDMMYYYY'),'YYYY/MM/DD'), 'HTSV', H.PERSON_ID, '31'), 0) AS M05_APPROVED, NVL(GET_AR_OT_TOTAIL(TO_CHAR(TO_DATE('0105'||'2026','DDMMYYYY'),'YYYY/MM/DD'), 'HTSV', H.PERSON_ID, '311'), 0) AS M05_APPLY, NVL(GET_AR_OT_TOTAIL(TO_CHAR(TO_DATE('0106'||'2026','DDMMYYYY'),'YYYY/MM/DD'), 'HTSV', H.PERSON_ID, '31'), 0) AS M06_APPROVED, NVL(GET_AR_OT_TOTAIL(TO_CHAR(TO_DATE('0106'||'2026','DDMMYYYY'),'YYYY/MM/DD'), 'HTSV', H.PERSON_ID, '311'), 0) AS M06_APPLY, NVL(GET_AR_OT_TOTAIL(TO_CHAR(TO_DATE('0107'||'2026','DDMMYYYY'),'YYYY/MM/DD'), 'HTSV', H.PERSON_ID, '31'), 0) AS M07_APPROVED, NVL(GET_AR_OT_TOTAIL(TO_CHAR(TO_DATE('0107'||'2026','DDMMYYYY'),'YYYY/MM/DD'), 'HTSV', H.PERSON_ID, '311'), 0) AS M07_APPLY, NVL(GET_AR_OT_TOTAIL(TO_CHAR(TO_DATE('0108'||'2026','DDMMYYYY'),'YYYY/MM/DD'), 'HTSV', H.PERSON_ID, '31'), 0) AS M08_APPROVED, NVL(GET_AR_OT_TOTAIL(TO_CHAR(TO_DATE('0108'||'2026','DDMMYYYY'),'YYYY/MM/DD'), 'HTSV', H.PERSON_ID, '311'), 0) AS M08_APPLY, NVL(GET_AR_OT_TOTAIL(TO_CHAR(TO_DATE('0109'||'2026','DDMMYYYY'),'YYYY/MM/DD'), 'HTSV', H.PERSON_ID, '31'), 0) AS M09_APPROVED, NVL(GET_AR_OT_TOTAIL(TO_CHAR(TO_DATE('0109'||'2026','DDMMYYYY'),'YYYY/MM/DD'), 'HTSV', H.PERSON_ID, '311'), 0) AS M09_APPLY, NVL(GET_AR_OT_TOTAIL(TO_CHAR(TO_DATE('0110'||'2026','DDMMYYYY'),'YYYY/MM/DD'), 'HTSV', H.PERSON_ID, '31'), 0) AS M10_APPROVED, NVL(GET_AR_OT_TOTAIL(TO_CHAR(TO_DATE('0110'||'2026','DDMMYYYY'),'YYYY/MM/DD'), 'HTSV', H.PERSON_ID, '311'), 0) AS M10_APPLY, NVL(GET_AR_OT_TOTAIL(TO_CHAR(TO_DATE('0111'||'2026','DDMMYYYY'),'YYYY/MM/DD'), 'HTSV', H.PERSON_ID, '31'), 0) AS M11_APPROVED, NVL(GET_AR_OT_TOTAIL(TO_CHAR(TO_DATE('0111'||'2026','DDMMYYYY'),'YYYY/MM/DD'), 'HTSV', H.PERSON_ID, '311'), 0) AS M11_APPLY, NVL(GET_AR_OT_TOTAIL(TO_CHAR(TO_DATE('0112'||'2026','DDMMYYYY'),'YYYY/MM/DD'), 'HTSV', H.PERSON_ID, '31'), 0) AS M12_APPROVED, NVL(GET_AR_OT_TOTAIL(TO_CHAR(TO_DATE('0112'||'2026','DDMMYYYY'),'YYYY/MM/DD'), 'HTSV', H.PERSON_ID, '311'), 0) AS M12_APPLY FROM HR_EMPLOYEE H, ( SELECT B1.DEPTNO FROM HR_DEPARTMENT B1 START WITH B1.DEPTNO IN ( SELECT HRD.DEPTID FROM HR_DEPARTMENT HRD WHERE HRD.MANAGER_EMP_ID = '11111111' ) CONNECT BY PRIOR B1.DEPTNO = B1.PARENT_DEPT_NO UNION SELECT ASI.DEPTNO FROM AR_SUPERVISOR_INFO ASI WHERE ASI.PERSON_ID = '11111111' ) ACC WHERE H.CPNY_ID = 'HTSV' AND H.DEPTNO = ACC.DEPTNO AND H.EMPID NOT LIKE '111111%' AND TRUNC(H.DATE_STARTED) <= TO_DATE('2026' || '1231', 'YYYYMMDD') AND (H.DATE_LEFT IS NULL OR TRUNC(H.DATE_LEFT) >= TO_DATE('2026' || '0101', 'YYYYMMDD')) ORDER BY H.EMPID ASC ) INNER_Q WHERE ROWNUM <= 0 + 25 ) WHERE RN > 0
2026-08-06 11:08:46.061 INFO  [c.a.config.SqlOnlyInterceptor] SQL Execute | mapper=com.ait.sy.sys.mapper.MenuMapper.getMenusByUserPermissionBySysType | caller=com.ait.sy.sys.service.impl.MenuServiceImpl.getMenusByUserPermissionBySysType(MenuServiceImpl.java:37) | command=SELECT | params=[lang='vi', cpnyId='HTSV', userNo='111111', sysType='1'] | sql=SELECT DISTINCT m.MENU_NO, m.MENU_PARENT_NO, m.MENU_CODE, GET_GLOBAL_NAME(m.MENU_NO, 'vi') AS MENU_NAME, m.MENU_IMG, m.MENU_URL, m.DEPTH, m.ORDERNO AS ORDER_NO, m.ACTIVITY FROM SY_MENU m JOIN SY_MENU_PARAM mp ON m.MENU_NO = mp.MENU_NO AND mp.CPNY_ID = 'HTSV' INNER JOIN SY_ROLE_RELATION rr ON m.MENU_NO = rr.MENU_NO INNER JOIN SY_ROLE r ON rr.ROLE_NO = r.ROLE_NO INNER JOIN SY_ROLE_GROUP_RELATION rgr ON rr.ROLE_NO = rgr.ROLE_NO INNER JOIN SY_USER_RELATION ur ON rgr.ROLE_GROUP_NO = ur.ROLE_GROUP_NO WHERE ur.USER_NO = '111111' AND m.ACTIVITY = 1 AND rr.ACTIVITY = 1 AND r.ACTIVITY = 1 AND rgr.ACTIVITY = 1 AND ur.ACTIVITY = 1 AND rr.SELECTR = 1 AND NVL(TO_CHAR(r.SYS_TYPE), '0') = '1' ORDER BY m.DEPTH, m.ORDERNO
2026-08-06 11:08:46.151 INFO  [c.a.config.SqlOnlyInterceptor] SQL Result  | mapper=com.ait.sy.sys.mapper.MenuMapper.getMenusByUserPermissionBySysType | caller=com.ait.sy.sys.service.impl.MenuServiceImpl.getMenusByUserPermissionBySysType(MenuServiceImpl.java:37) | rowsReturned=76 | took=90 ms
2026-08-06 11:09:05.151 WARN  [i.m.c.instrument.MeterRegistry] This Gauge has been already registered (MeterId{name='system.memory.usage.percent', tags=[]}), the registration will be ignored. Note that subsequent logs will be logged at debug level.
2026-08-06 11:09:34.739 INFO  [c.a.config.SqlOnlyInterceptor] SQL Result  | mapper=com.ait.ess.infoApply.mapper.EssDeptOtApplyInfoMapper.selectListPage | caller=com.ait.ess.infoApply.service.impl.EssDeptOtApplyInfoServiceImpl.getPageList(EssDeptOtApplyInfoServiceImpl.java:48) | rowsReturned=25 | took=51342 ms
2026-08-06 12:05:00.085 INFO  [c.a.a.a.s.ArCardRecordScheduler] [AutoImport] Bắt đầu tự động đọc dữ liệu quẹt thẻ: fromDate=2026-08-04, toDate=2026-08-06
2026-08-06 12:05:00.164 INFO  [c.a.a.a.s.i.ArCardRecordServiceImpl] [importFromDevice] Bắt đầu đọc dữ liệu quẹt thẻ từ máy chủ, fromDate=2026-08-04, toDate=2026-08-06
2026-08-06 12:05:30.443 ERROR [c.a.a.a.s.i.ArCardRecordServiceImpl] [importFromDevice] Lỗi kết nối hoặc xử lý dữ liệu
com.microsoft.sqlserver.jdbc.SQLServerException: The TCP/IP connection to the host 10.43.7.249, port 1433 has failed. Error: "Connect timed out. Verify the connection properties. Make sure that an instance of SQL Server is running on the host and accepting TCP/IP connections at the port. Make sure that TCP connections to the port are not blocked by a firewall.".
	at at com.microsoft.sqlserver.jdbc.SQLServerException.makeFromDriverError(SQLServerException.java:231)
2026-08-06 12:05:30.467 ERROR [c.a.a.a.s.ArCardRecordScheduler] [AutoImport] Thất bại: Lỗi kết nối máy chủ quẹt thẻ: The TCP/IP connection to the host 10.43.7.249, port 1433 has failed. Error: "Connect timed out. Verify the connection properties. Make sure that an instance of SQL Server is running on the host and accepting TCP/IP connections at the port. Make sure that TCP connections to the port are not blocked by a firewall.".
